Component: ARM Compiler 5.06 update 6 (build 750) Tool: armlink [4d35ed]

==============================================================================

Section Cross References

    system_sy09.o(.text) refers to scm.o(.text) for SCM_LoadHFRoscTrim
    system_sy09.o(.text) refers to startup_sy09.o(RESET) for __Vectors
    system_sy09.o(.text) refers to sy09_regs.o(.ARM.__AT_0x40000000) for ScmRegs
    system_sy09.o(.text) refers to sy09_regs.o(.ARM.__AT_0x40004000) for GpioRegs
    startup_sy09.o(RESET) refers to startup_sy09.o(STACK_TOP) for __initial_sp
    startup_sy09.o(RESET) refers to startup_sy09.o(.text) for Reset_Handler
    startup_sy09.o(RESET) refers to port.o(.emb_text) for SVC_Handler
    startup_sy09.o(RESET) refers to main.o(.text) for SysTick_Handler
    startup_sy09.o(RESET) refers to spi.o(.text) for SPI0_Handler
    startup_sy09.o(RESET) refers to usbprotocol.o(.text) for USB_Handler
    startup_sy09.o(RESET) refers to ssi.o(.text) for SSI_Handler
    startup_sy09.o(RESET) refers to sy09_uart0.o(.text) for UART0_Handler
    startup_sy09.o(RESET) refers to i2c.o(.text) for I2C0_Handler
    startup_sy09.o(RESET) refers to swps.o(.text) for SWPS_Handler
    startup_sy09.o(RESET) refers to vpwm.o(.text) for VPWM_Handler
    startup_sy09.o(RESET) refers to uart.o(.text) for UART1_Handler
    startup_sy09.o(RESET) refers to dma.o(.text) for DMA_Handler
    startup_sy09.o(RESET) refers to startup_sy09.o(HEAP_BOTTOM) for __heap_base
    startup_sy09.o(RESET) refers to startup_sy09.o(HEAP_TOP) for __heap_limit
    startup_sy09.o(.text) refers to system_sy09.o(.text) for SYS_GenSramKey
    startup_sy09.o(.text) refers to entry.o(.ARM.Collect$$$$00000000) for __main
    bvd.o(.text) refers to scm.o(.text) for SCM_GetSysClk
    bvd.o(.text) refers to sy09_regs.o(.ARM.__AT_0x40000000) for ScmRegs
    bvd.o(.text) refers to sy09_regs.o(.ARM.__AT_0x40060000) for BvdRegs
    crc.o(.text) refers to sy09_regs.o(.ARM.__AT_0x40000000) for ScmRegs
    crc.o(.text) refers to sy09_regs.o(.ARM.__AT_0x4005C000) for CrcRegs
    dma.o(.text) refers to sy09_regs.o(.ARM.__AT_0x40000000) for ScmRegs
    dma.o(.text) refers to sy09_regs.o(.ARM.__AT_0x40070000) for DmaRegs
    dma.o(.text) refers to dma.o(.constdata) for gDmaPerAddrList
    dma.o(.text) refers to dma.o(.bss) for fpDmaCHxIsrCb
    efc.o(.ram_code) refers to efc.o(.text) for EFC_ClrProgFlag
    efc.o(.ram_code) refers to sy09_regs.o(.ARM.__AT_0x40054000) for EfcRegs
    efc.o(.text) refers to memcmp.o(.text) for memcmp
    efc.o(.text) refers to memcpya.o(.text) for __aeabi_memcpy
    efc.o(.text) refers to sy09_regs.o(.ARM.__AT_0x40054000) for EfcRegs
    efc.o(.text) refers to efc.o(.data) for nKeyPermission
    gpio.o(.text) refers to sy09_regs.o(.ARM.__AT_0x40004000) for GpioRegs
    i2c.o(.text) refers to sy09_regs.o(.ARM.__AT_0x40004000) for GpioRegs
    i2c.o(.text) refers to sy09_regs.o(.ARM.__AT_0x40030000) for I2C0Regs
    i2c.o(.text) refers to i2c.o(.bss) for gI2cRxFIFO
    i2c.o(.text) refers to sy09_regs.o(.ARM.__AT_0x40000000) for ScmRegs
    i2c.o(.text) refers to system_sy09.o(.data) for SystemFrequency
    iso7816.o(.text) refers to scm.o(.align_code2) for _delay_us
    iso7816.o(.text) refers to sy09_regs.o(.ARM.__AT_0x4003C000) for Iso7816Regs
    iso7816.o(.text) refers to sy09_regs.o(.ARM.__AT_0x40000000) for ScmRegs
    iso7816.o(.text) refers to sy09_regs.o(.ARM.__AT_0x40004000) for GpioRegs
    retarget.o(.text) refers to serial.o(.text) for sendchar
    serial.o(.text) refers to sy09_regs.o(.ARM.__AT_0x40000000) for ScmRegs
    serial.o(.text) refers to sy09_regs.o(.ARM.__AT_0x40004000) for GpioRegs
    serial.o(.text) refers to sy09_regs.o(.ARM.__AT_0x4004C000) for Uart1Regs
    serial.o(.text) refers to system_sy09.o(.data) for SystemFrequency
    serial.o(.text) refers to serial.o(.data) for SerInit
    sci.o(.text) refers to scm.o(.text) for SCM_GetSysClk
    sci.o(.text) refers to scm.o(.align_code2) for _delay_us
    sci.o(.text) refers to sci.o(.data) for gfpSciPowerCtrl
    sci.o(.text) refers to sy09_regs.o(.ARM.__AT_0x40004000) for GpioRegs
    sci.o(.text) refers to sy09_regs.o(.ARM.__AT_0x40000000) for ScmRegs
    sci.o(.text) refers to sy09_regs.o(.ARM.__AT_0x40040000) for SciRegs
    sci.o(.text) refers to sci.o(.bss) for gATRCharIndex
    sci.o(.text) refers to uldiv.o(.text) for __aeabi_uldivmod
    sci.o(.text) refers to sci.o(.constdata) for FiTab
    scm.o(.align_code1) refers to scm.o(.data) for .data
    scm.o(.align_code2) refers to scm.o(.data) for .data
    scm.o(.text) refers to efc.o(.text) for EFC_ConfigTiming
    scm.o(.text) refers to sy09_regs.o(.ARM.__AT_0x40000000) for ScmRegs
    scm.o(.text) refers to serial.o(.data) for SerInit
    scm.o(.text) refers to scm.o(.data) for gCntMs
    scm.o(.text) refers to system_sy09.o(.data) for SystemFrequency
    spi.o(.text) refers to scm.o(.text) for SCM_GetSysClk
    spi.o(.text) refers to sy09_regs.o(.ARM.__AT_0x40070000) for DmaRegs
[...]
    GPIO_BitIn                               0x10000c95   Thumb Code    34  gpio.o(.text)
    GPIO_BitClr                              0x10000cb7   Thumb Code    34  gpio.o(.text)
    GPIO_BitSet                              0x10000cd9   Thumb Code    34  gpio.o(.text)
    GPIO_BitOut                              0x10000cfb   Thumb Code    30  gpio.o(.text)
    GPIO_BitTog                              0x10000d19   Thumb Code    34  gpio.o(.text)
    GPIO_BitIntClr                           0x10000d3b   Thumb Code    34  gpio.o(.text)
    GPIO_GetBitUse                           0x10000d5d   Thumb Code    52  gpio.o(.text)
    GPIO_BitPullSet                          0x10000d91   Thumb Code    42  gpio.o(.text)
    GPIO_BitPullClr                          0x10000dbb   Thumb Code    42  gpio.o(.text)
    GPIO_BitDriveConfig                      0x10000de5   Thumb Code    88  gpio.o(.text)
    GPIO_PortIn                              0x10000e3d   Thumb Code    18  gpio.o(.text)
    GPIO_PortIntStat                         0x10000e4f   Thumb Code    18  gpio.o(.text)
    GPIO_PortOut                             0x10000e61   Thumb Code    54  gpio.o(.text)
    GPIO_PortTog                             0x10000e97   Thumb Code    30  gpio.o(.text)
    GPIO_PortSet                             0x10000eb5   Thumb Code    30  gpio.o(.text)
    GPIO_PortClr                             0x10000ed3   Thumb Code    30  gpio.o(.text)
    GPIO_PortIntClr                          0x10000ef1   Thumb Code    30  gpio.o(.text)
    I2C_PortInit                             0x10000f15   Thumb Code    80  i2c.o(.text)
    I2C_GetRegs                              0x10000f65   Thumb Code    12  i2c.o(.text)
    WaitCycle                                0x10000f71   Thumb Code    14  i2c.o(.text)
    I2C_InitRxFIFO                           0x10000f7f   Thumb Code    60  i2c.o(.text)
    I2C_InitTxFIFO                           0x10000fbb   Thumb Code    60  i2c.o(.text)
    I2C_Init                                 0x10000ff7   Thumb Code   334  i2c.o(.text)
    I2C_Stop                                 0x10001145   Thumb Code    56  i2c.o(.text)
    I2C_MasterRead                           0x1000117d   Thumb Code   340  i2c.o(.text)
    I2C_MasterWrite                          0x100012d1   Thumb Code   340  i2c.o(.text)
    I2C_GetTxFIFOValidSize                   0x10001425   Thumb Code    34  i2c.o(.text)
    I2C_SetTxFIFOValidSize                   0x10001447   Thumb Code    48  i2c.o(.text)
    I2C_SlaveWriteBuf                        0x10001477   Thumb Code   208  i2c.o(.text)
    I2C_SetRxFIFOValidSize                   0x10001547   Thumb Code    48  i2c.o(.text)
    I2C_GetRxFIFOValidSize                   0x10001577   Thumb Code    34  i2c.o(.text)
    I2C_SlaveReadBuf                         0x10001599   Thumb Code   136  i2c.o(.text)
    I2C_IntProc                              0x10001621   Thumb Code   546  i2c.o(.text)
    I2C0_Handler                             0x10001843   Thumb Code    10  i2c.o(.text)
    fputc                                    0x10001859   Thumb Code    14  retarget.o(.text)
    fgetc                                    0x10001867   Thumb Code    16  retarget.o(.text)
    ferror                                   0x10001877   Thumb Code     8  retarget.o(.text)
    _ttywrch                                 0x1000187f   Thumb Code    12  retarget.o(.text)
    _sys_exit                                0x1000188b   Thumb Code     8  retarget.o(.text)
    SER_init                                 0x10001895   Thumb Code    92  serial.o(.text)
    sendchar                                 0x100018f1   Thumb Code    54  serial.o(.text)
    getkey                                   0x10001927   Thumb Code    36  serial.o(.text)
    ExitSimulate                             0x1000194b   Thumb Code     2  serial.o(.text)
    SCM_RegWrEn                              0x10001961   Thumb Code    32  scm.o(.text)
    SCM_AnModPowerEnable                     0x10001981   Thumb Code    24  scm.o(.text)
    SCM_AnModPowerDisable                    0x10001999   Thumb Code    24  scm.o(.text)
    SCM_LoadHFRoscTrim                       0x100019b1   Thumb Code   168  scm.o(.text)
    SCM_SetSysClk                            0x10001a59   Thumb Code   660  scm.o(.text)
    SCM_SetSysClkLowFreq                     0x10001ced   Thumb Code    24  scm.o(.text)
    SCM_GetSysClk                            0x10001d05   Thumb Code     6  scm.o(.text)
    SCM_UsbPhySet                            0x10001d0b   Thumb Code    16  scm.o(.text)
    SCM_EnableUsbPuRes                       0x10001d1b   Thumb Code    16  scm.o(.text)
    SCM_DisableUsbPuRes                      0x10001d2b   Thumb Code    14  scm.o(.text)
    SYST_Config                              0x10001d39   Thumb Code   290  scm.o(.text)
    DeepSleepAutoSelClkEn                    0x10001e5b   Thumb Code    16  scm.o(.text)
    SPI_GetRegs                              0x10001ec9   Thumb Code    22  spi.o(.text)
    SPI_Init                                 0x10001f57   Thumb Code   544  spi.o(.text)
    SPI_MasterTransceive                     0x10002177   Thumb Code   106  spi.o(.text)
    SPI_MasterWrite                          0x100021e1   Thumb Code   104  spi.o(.text)
    SPI_MasterRead                           0x10002249   Thumb Code   104  spi.o(.text)
    SPI_SlaveWrite                           0x1000230f   Thumb Code   298  spi.o(.text)
    SPI_SlaveRead                            0x10002497   Thumb Code   134  spi.o(.text)
    SpiIntProc                               0x1000251d   Thumb Code   362  spi.o(.text)
    SPI0_Handler                             0x10002687   Thumb Code    26  spi.o(.text)
    SPI1_Handler                             0x100026a1   Thumb Code    10  spi.o(.text)
    SPI_DmaProc                              0x100026ab   Thumb Code   128  spi.o(.text)
    SPI_WaitIdle                             0x1000272b   Thumb Code    40  spi.o(.text)
    SPI_InitWithDMA                          0x10002753   Thumb Code   172  spi.o(.text)
    SPI_MasterTransceiveWithDMA              0x100027ff   Thumb Code   216  spi.o(.text)
    SPI_MasterWriteWithDMA                   0x100028d7   Thumb Code    22  spi.o(.text)
    SPI_MasterReadWithDMA                    0x100028ed   Thumb Code    22  spi.o(.text)
    SSI_PortInit                             0x10002989   Thumb Code   112  ssi.o(.text)
    SSI_SpiSlvInit                           0x100029f9   Thumb Code   136  ssi.o(.text)
    SSI_DmaTxProc                            0x10002a81   Thumb Code    80  ssi.o(.text)
    SSI_SpiSlvInitWithDMA                    0x10002ad1   Thumb Code   116  ssi.o(.text)
    SSI_WaitTxIdle                           0x10002b45   Thumb Code    64  ssi.o(.text)
    SSI_SpiSlvWrite                          0x10002b85   Thumb Code   174  ssi.o(.text)
    SSI_StopReceive                          0x10002c33   Thumb Code    34  ssi.o(.text)
    SSI_StartReceive                         0x10002c55   Thumb Code    74  ssi.o(.text)
    SSI_GetRxSize                            0x10002c9f   Thumb Code     6  ssi.o(.text)
    SSI_Handler                              0x10002ca5   Thumb Code   116  ssi.o(.text)
    SWPS_Init                                0x10002d71   Thumb Code   276  swps.o(.text)
    SWPS_SendFrame                           0x10002e85   Thumb Code   248  swps.o(.text)
    SWPS_GetFrame                            0x10002f7d   Thumb Code   114  swps.o(.text)
    SWPS_Handler                             0x10002fef   Thumb Code   342  swps.o(.text)
    SWPS_GetState                            0x10003145   Thumb Code     6  swps.o(.text)
    TMR_Init                                 0x100031a3   Thumb Code   258  timer.o(.text)
    TMR_Start                                0x100032a5   Thumb Code    30  timer.o(.text)
    TMR_Stop                                 0x100032c3   Thumb Code    34  timer.o(.text)
    TMR_ClrCnt                               0x100032e5   Thumb Code    44  timer.o(.text)
    TMR_GetCnt                               0x10003311   Thumb Code    28  timer.o(.text)
    TMR_ClrIntFlag                           0x1000332d   Thumb Code    34  timer.o(.text)
    UART_PortInit                            0x1000336d   Thumb Code    80  uart.o(.text)
    UART_GetRegs                             0x100033bd   Thumb Code    22  uart.o(.text)
    UART_Init                                0x100033d3   Thumb Code   564  uart.o(.text)
    UART_SendByte                            0x10003607   Thumb Code   290  uart.o(.text)
    UART_ReceByte                            0x10003729   Thumb Code   194  uart.o(.text)
    UART_SendBuf                             0x100037eb   Thumb Code    48  uart.o(.text)
    UART_ReceBuf                             0x1000381b   Thumb Code   182  uart.o(.text)
    UART_GetRxFFValidSize                    0x100038d1   Thumb Code    16  uart.o(.text)
    UARTx_IntProc                            0x100038e1   Thumb Code   364  uart.o(.text)
    UART1_Handler                            0x10003a4d   Thumb Code    10  uart.o(.text)
    VPWM_VoiceInit                           0x10003a91   Thumb Code   144  vpwm.o(.text)
    VPWM_VoicePlay                           0x10003b21   Thumb Code   234  vpwm.o(.text)
    VPWM_GetPlayStatus                       0x10003c0b   Thumb Code    18  vpwm.o(.text)
    VPWM_SetVolume                           0x10003c1d   Thumb Code    30  vpwm.o(.text)
    VPWM_Handler                             0x10003c3b   Thumb Code   170  vpwm.o(.text)
    VPWM_PwmInit                             0x10003ce5   Thumb Code    30  vpwm.o(.text)
    VPWM_PwmWaveOutput                       0x10003d03   Thumb Code    66  vpwm.o(.text)
    VPWM_VoicePlayWithDMA                    0x10003d45   Thumb Code   144  vpwm.o(.text)
    SF_WriteBlocks                           0x1000402f   Thumb Code   238  sflashbk.o(.text)
    SF_BkInit                                0x1000411d   Thumb Code   106  sflashbk.o(.text)
    SF_BkWriteData                           0x10004187   Thumb Code   118  sflashbk.o(.text)
    SF_BkReadData                            0x100041fd   Thumb Code   154  sflashbk.o(.text)
    SysTick_Handler                          0x100042a5   Thumb Code    16  main.o(.text)
    T0_Handler                               0x100042b5   Thumb Code    14  main.o(.text)
    T1_Handler                               0x100042c3   Thumb Code   116  main.o(.text)
    main                                     0x10004337   Thumb Code   242  main.o(.text)
    LED_Config                               0x10004495   Thumb Code    22  safecmd.o(.text)
    LED1_Toggle                              0x100044ab   Thumb Code    12  safecmd.o(.text)
    UartInit                                 0x100044b7   Thumb Code    90  safecmd.o(.text)
    ProtocolInit                             0x10004511   Thumb Code    30  safecmd.o(.text)
    GenCheekSum                              0x1000452f   Thumb Code    30  safecmd.o(.text)
    SendCmd                                  0x1000454d   Thumb Code    16  safecmd.o(.text)
    Get_Response                             0x1000455d   Thumb Code   452  safecmd.o(.text)
    ECC_ReadM                                0x10004721   Thumb Code    62  safecmd.o(.text)
    RSA_ReadM                                0x1000475f   Thumb Code    62  safecmd.o(.text)
    DES_ReadM                                0x1000479d   Thumb Code    62  safecmd.o(.text)
    AES_ReadM                                0x100047db   Thumb Code    62  safecmd.o(.text)
    SM4_ReadM                                0x10004819   Thumb Code    62  safecmd.o(.text)
    Res_SecuritySearch                       0x10004857   Thumb Code   334  safecmd.o(.text)
    Res_GetImage                             0x100049a5   Thumb Code   126  safecmd.o(.text)
    Res_SecurityStoreChar                    0x10004a23   Thumb Code   158  safecmd.o(.text)
    ECC_ReadQ                                0x10004ac1   Thumb Code    86  safecmd.o(.text)
    RSA_ReadQ                                0x10004b17   Thumb Code    90  safecmd.o(.text)
    DES_ReadQ                                0x10004b71   Thumb Code    86  safecmd.o(.text)
    AES_ReadQ                                0x10004bc7   Thumb Code    86  safecmd.o(.text)
    SM4_ReadQ                                0x10004c1d   Thumb Code    86  safecmd.o(.text)
    Res_GetCiphertext                        0x10004c73   Thumb Code   140  safecmd.o(.text)
    Res_RegModel                             0x10004cff   Thumb Code   452  safecmd.o(.text)
    Res_GenChar                              0x10004ec3   Thumb Code   162  safecmd.o(.text)
    Res_GetEnrollImage                       0x10004f65   Thumb Code   248  safecmd.o(.text)
    ECC_WriteKey                             0x1000505d   Thumb Code    36  safecmd.o(.text)
    RSA_WriteKey                             0x10005081   Thumb Code    70  safecmd.o(.text)
    DES_WriteKey                             0x100050c7   Thumb Code    72  safecmd.o(.text)
    AES_WriteKey                             0x1000510f   Thumb Code    72  safecmd.o(.text)
    SM4_WriteKey                             0x10005157   Thumb Code    72  safecmd.o(.text)
    Res_GetKeyt                              0x1000519f   Thumb Code   532  safecmd.o(.text)
    Res_WriteReg                             0x100053b3   Thumb Code    82  safecmd.o(.text)
    ECC_RKFormflash                          0x10005405   Thumb Code    20  safecmd.o(.text)
    RSA_RKFormflash                          0x10005419   Thumb Code    30  safecmd.o(.text)
    DES_RKFormflash                          0x10005437   Thumb Code    30  safecmd.o(.text)
    AES_RKFormflash                          0x10005455   Thumb Code    30  safecmd.o(.text)
    SM4_RKFormflash                          0x10005473   Thumb Code    30  safecmd.o(.text)
    R_KeyFormFlash                           0x10005491   Thumb Code   164  safecmd.o(.text)
    Res_ReadINFpage                          0x10005535   Thumb Code   146  safecmd.o(.text)
    Res_HandShake                            0x100055c7   Thumb Code    86  safecmd.o(.text)
    ECC_GetRand                              0x1000561d   Thumb Code    48  safecmd.o(.text)
    RSA_GetRand                              0x1000564d   Thumb Code    48  safecmd.o(.text)
    DES_GetRand                              0x1000567d   Thumb Code    48  safecmd.o(.text)
    AES_GetRand                              0x100056ad   Thumb Code    48  safecmd.o(.text)
    SM4_GetRand                              0x100056dd   Thumb Code    48  safecmd.o(.text)
    Cmd_SecuritySearch                       0x1000570d   Thumb Code   728  safecmd.o(.text)
    Cmd_GetImage                             0x100059e5   Thumb Code    64  safecmd.o(.text)
    Cmd_SecurityStoreChar                    0x10005a25   Thumb Code   174  safecmd.o(.text)
    Cmd_GetCiphertext                        0x10005ad3   Thumb Code    64  safecmd.o(.text)
    Cmd_RegModel                             0x10005b13   Thumb Code    64  safecmd.o(.text)
    Cmd_GenChar                              0x10005b53   Thumb Code    68  safecmd.o(.text)
    Cmd_GetEnrollImage                       0x10005b97   Thumb Code    64  safecmd.o(.text)
    Cmd_GetKeyt                              0x10005bd7   Thumb Code    70  safecmd.o(.text)
    Cmd_WriteReg                             0x10005c1d   Thumb Code    74  safecmd.o(.text)
    Cmd_ReadINFpage                          0x10005c67   Thumb Code    64  safecmd.o(.text)
    Cmd_HandShake                            0x10005ca7   Thumb Code    64  safecmd.o(.text)
    DoCommPkg                                0x10005ce7   Thumb Code   472  safecmd.o(.text)
    Make_PackH                               0x10005ebf   Thumb Code    36  safecmd.o(.text)
    SM4_Get_M                                0x10005ef9   Thumb Code    90  operationkey.o(.text)
    SM4_Get_Q                                0x10005f53   Thumb Code    66  operationkey.o(.text)
    SM4_Verify_P                             0x10005f95   Thumb Code   210  operationkey.o(.text)
    AES_Get_M                                0x10006067   Thumb Code    94  operationkey.o(.text)
    AES_Get_Q                                0x100060c5   Thumb Code    68  operationkey.o(.text)
    AES_Verify_P                             0x10006109   Thumb Code   212  operationkey.o(.text)
    DES_Get_M                                0x100061dd   Thumb Code    94  operationkey.o(.text)
    DES_Get_Q                                0x1000623b   Thumb Code    68  operationkey.o(.text)
    DES_Verify_P                             0x1000627f   Thumb Code   346  operationkey.o(.text)
    RSA_Get_M                                0x100063d9   Thumb Code    48  operationkey.o(.text)
    RSA_Get_Q                                0x10006409   Thumb Code    36  operationkey.o(.text)
    RSA_Verify_P                             0x1000642d   Thumb Code   174  operationkey.o(.text)
    ECC_Get_M                                0x100064db   Thumb Code    38  operationkey.o(.text)
    ECC_Get_Q                                0x10006501   Thumb Code    36  operationkey.o(.text)
    ECC_Verify_P                             0x10006525   Thumb Code   240  operationkey.o(.text)
    SCSI_ModeSense6                          0x10006689   Thumb Code    48  bulkitem.o(.text)
    SCSI_ModeSense10                         0x100066b9   Thumb Code    48  bulkitem.o(.text)
    SCSI_ReadCapacity                        0x100066e9   Thumb Code    70  bulkitem.o(.text)
    SCSI_Inquiry                             0x1000672f   Thumb Code    52  bulkitem.o(.text)
    SCSI_ReadFormatCapacity                  0x10006763   Thumb Code    72  bulkitem.o(.text)
    SCSI_ReadToc                             0x100067ab   Thumb Code   208  bulkitem.o(.text)
    SCSI_GetConfigration                     0x1000687b   Thumb Code   130  bulkitem.o(.text)
    SCSI_RequestSense                        0x100068fd   Thumb Code   122  bulkitem.o(.text)
    SCSI_CommonCmd                           0x10006977   Thumb Code    12  bulkitem.o(.text)
    SCSI_TestUnitReady                       0x10006983   Thumb Code    68  bulkitem.o(.text)
    Disk_ReadLBA                             0x100069c7   Thumb Code    78  bulkitem.o(.text)
    Disk_WriteLBA                            0x10006a15   Thumb Code    78  bulkitem.o(.text)
    SCSI_ReadLBA                             0x10006a63   Thumb Code   302  bulkitem.o(.text)
    SCSI_WriteLBA                            0x10006b91   Thumb Code    88  bulkitem.o(.text)
    SCSI_DoOutCmd                            0x10006be9   Thumb Code    58  bulkitem.o(.text)
    SCSI_DoInCmd                             0x10006c23   Thumb Code   210  bulkitem.o(.text)
    DoSCSICmd                                0x10006cf5   Thumb Code    52  bulkitem.o(.text)
    InitSCSICallBackFunc                     0x10006d2d   Thumb Code    20  bulkusb.o(.text)
    DealCBW                                  0x10006d41   Thumb Code    32  bulkusb.o(.text)
    ReceiveCBW                               0x10006d61   Thumb Code   174  bulkusb.o(.text)
    USB_CBWHandle                            0x10006e0f   Thumb Code    26  bulkusb.o(.text)
    SendCSWBack                              0x10006e29   Thumb Code    72  bulkusb.o(.text)
    Chap9_SetAddress                         0x10006e8d   Thumb Code    18  ctrlitem.o(.text)
    Chap9_GetDescriptor                      0x10006e9f   Thumb Code   216  ctrlitem.o(.text)
    Chap9_SetConfiguration                   0x10006f77   Thumb Code    32  ctrlitem.o(.text)
    Chap9_SendACK                            0x10006f97   Thumb Code    12  ctrlitem.o(.text)
    Chap9_GetStatus                          0x10006fa3   Thumb Code   214  ctrlitem.o(.text)
    Chap9_SetFeature                         0x10007079   Thumb Code   144  ctrlitem.o(.text)
    Chap9_ClearFeature                       0x10007109   Thumb Code   472  ctrlitem.o(.text)
    Chap9_GetConfig                          0x100072e1   Thumb Code    36  ctrlitem.o(.text)
    Chap9_GetInterface                       0x10007305   Thumb Code    36  ctrlitem.o(.text)
    Chap9_SetInterface                       0x10007329   Thumb Code    18  ctrlitem.o(.text)
    Class_SendMaxLun                         0x1000733b   Thumb Code    20  ctrlitem.o(.text)
    USB_SetupHandle                          0x10007355   Thumb Code    92  ctrlusb.o(.text)
    USB_ReadFIFO                             0x100073b9   Thumb Code    66  usbbase.o(.text)
    USB_BulkReceive                          0x100073fb   Thumb Code   218  usbbase.o(.text)
    USB_WriteFIFO                            0x100074d5   Thumb Code    66  usbbase.o(.text)
    USB_BulkSend                             0x10007517   Thumb Code   490  usbbase.o(.text)
    USB_SendZero                             0x10007701   Thumb Code   122  usbbase.o(.text)
    USB_SetupReceive                         0x1000777b   Thumb Code   142  usbbase.o(.text)
    USB_CtrlReceive                          0x10007809   Thumb Code   358  usbbase.o(.text)
    USB_CtrlSend                             0x1000796f   Thumb Code   504  usbbase.o(.text)
    USB_SetAddress                           0x10007b67   Thumb Code    24  usbbase.o(.text)
    USB_SendACK                              0x10007b7f   Thumb Code    64  usbbase.o(.text)
    USB_SendStall                            0x10007bbf   Thumb Code    34  usbbase.o(.text)
    USB_DisConnect                           0x10007be1   Thumb Code     8  usbbase.o(.text)
    USB_Init                                 0x10007be9   Thumb Code   238  usbbase.o(.text)
    USB_Reset                                0x10007cd7   Thumb Code    84  usbbase.o(.text)
    USB_SendStall_Out                        0x10007d2b   Thumb Code    90  usbbase.o(.text)
    USB_SendStall_In                         0x10007d85   Thumb Code   130  usbbase.o(.text)
    USB_RemoteWakeWp                         0x10007e07   Thumb Code   122  usbbase.o(.text)
    USB_DoWithPackage                        0x10007eb9   Thumb Code   290  usbprotocol.o(.text)
    USB_BulkPoll                             0x10007fdb   Thumb Code   130  usbprotocol.o(.text)
    USB_Handler                              0x1000805d   Thumb Code     8  usbprotocol.o(.text)
    InitUSBSleepCallBackFunc                 0x10008065   Thumb Code    16  usbprotocol.o(.text)
    USB_DoSuspend                            0x10008075   Thumb Code    46  usbprotocol.o(.text)
    UART0_Handler                            0x100080e5   Thumb Code    58  sy09_uart0.o(.text)
    UART0_Lock_init                          0x1000811f   Thumb Code    16  sy09_uart0.o(.text)
    USART0_Write                             0x1000812f   Thumb Code    46  sy09_uart0.o(.text)
    USART0_Read                              0x1000815d   Thumb Code    30  sy09_uart0.o(.text)
    ring_buffer_init                         0x10008185   Thumb Code    12  ring_buffer.o(.text)
    ring_buffer_write                        0x10008191   Thumb Code    30  ring_buffer.o(.text)
    ring_buffer_read                         0x100081af   Thumb Code    46  ring_buffer.o(.text)
    vListInitialise                          0x100081dd   Thumb Code    26  list.o(.text)
    vListInitialiseItem                      0x100081f7   Thumb Code     6  list.o(.text)
    vListInsertEnd                           0x100081fd   Thumb Code    24  list.o(.text)
    vListInsert                              0x10008215   Thumb Code    52  list.o(.text)
    uxListRemove                             0x10008249   Thumb Code    40  list.o(.text)
    xQueueGenericReset                       0x10008271   Thumb Code   122  queue.o(.text)
    xQueueGenericCreate                      0x10008315   Thumb Code    56  queue.o(.text)
    xQueueGenericSend                        0x100084cb   Thumb Code   308  queue.o(.text)
    xQueueCreateMutex                        0x1000861b   Thumb Code    34  queue.o(.text)
    xQueueGiveMutexRecursive                 0x1000863d   Thumb Code    48  queue.o(.text)
    xQueueGenericReceive                     0x100086b5   Thumb Code   342  queue.o(.text)
    xQueueTakeMutexRecursive                 0x1000880b   Thumb Code    58  queue.o(.text)
    xQueueCreateCountingSemaphore            0x10008845   Thumb Code    26  queue.o(.text)
    xQueueGenericSendFromISR                 0x1000885f   Thumb Code   158  queue.o(.text)
    xQueueGiveFromISR                        0x100088fd   Thumb Code   144  queue.o(.text)
    xQueueReceiveFromISR                     0x1000898d   Thumb Code   132  queue.o(.text)
    xQueuePeekFromISR                        0x10008a11   Thumb Code    76  queue.o(.text)
    uxQueueMessagesWaiting                   0x10008a5d   Thumb Code    18  queue.o(.text)
    uxQueueSpacesAvailable                   0x10008a6f   Thumb Code    24  queue.o(.text)
    uxQueueMessagesWaitingFromISR            0x10008a87   Thumb Code     6  queue.o(.text)
    vQueueUnregisterQueue                    0x10008a8d   Thumb Code    44  queue.o(.text)
    vQueueDelete                             0x10008ab9   Thumb Code    20  queue.o(.text)
    xQueueIsQueueEmptyFromISR                0x10008acd   Thumb Code    14  queue.o(.text)
    xQueueIsQueueFullFromISR                 0x10008adb   Thumb Code    26  queue.o(.text)
    vQueueAddToRegistry                      0x10008af5   Thumb Code    38  queue.o(.text)
    pcQueueGetName                           0x10008b1b   Thumb Code    38  queue.o(.text)
    vQueueWaitForMessageRestricted           0x10008b41   Thumb Code    74  queue.o(.text)
    xQueueCreateSet                          0x10008b8b   Thumb Code    20  queue.o(.text)
    xQueueAddToSet                           0x10008b9f   Thumb Code    38  queue.o(.text)
    xQueueRemoveFromSet                      0x10008bc5   Thumb Code    48  queue.o(.text)
    xQueueSelectFromSet                      0x10008bf5   Thumb Code    26  queue.o(.text)
    xQueueSelectFromSetFromISR               0x10008c0f   Thumb Code    22  queue.o(.text)
    xTaskCreate                              0x10008d8b   Thumb Code    96  tasks.o(.text)
    vTaskDelete                              0x10008e27   Thumb Code   166  tasks.o(.text)
    xTaskIncrementTick                       0x10008ecd   Thumb Code   238  tasks.o(.text)
    xTaskResumeAll                           0x10008fbb   Thumb Code   282  tasks.o(.text)
    vTaskSuspendAll                          0x10009151   Thumb Code    12  tasks.o(.text)
    vTaskDelayUntil                          0x1000915d   Thumb Code   106  tasks.o(.text)
    vTaskDelay                               0x100091c7   Thumb Code    46  tasks.o(.text)
    eTaskGetState                            0x100091f5   Thumb Code    88  tasks.o(.text)
    uxTaskPriorityGet                        0x1000924d   Thumb Code    30  tasks.o(.text)
    uxTaskPriorityGetFromISR                 0x1000926b   Thumb Code    54  tasks.o(.text)
    vTaskPrioritySet                         0x100092a1   Thumb Code   226  tasks.o(.text)
    vTaskSwitchContext                       0x10009383   Thumb Code    76  tasks.o(.text)
    vTaskSuspend                             0x100093cf   Thumb Code   224  tasks.o(.text)
    vTaskResume                              0x100094e7   Thumb Code   104  tasks.o(.text)
    xTaskResumeFromISR                       0x1000954f   Thumb Code   132  tasks.o(.text)
    vTaskStartScheduler                      0x100096a3   Thumb Code    84  tasks.o(.text)
    vTaskEndScheduler                        0x100096f7   Thumb Code    34  tasks.o(.text)
    xTaskGetTickCount                        0x10009719   Thumb Code     6  tasks.o(.text)
    xTaskGetTickCountFromISR                 0x1000971f   Thumb Code     8  tasks.o(.text)
    uxTaskGetNumberOfTasks                   0x10009727   Thumb Code     6  tasks.o(.text)
    pcTaskGetName                            0x1000972d   Thumb Code    20  tasks.o(.text)
    vTaskStepTick                            0x10009741   Thumb Code    12  tasks.o(.text)
    vTaskPlaceOnEventList                    0x1000974d   Thumb Code    28  tasks.o(.text)
    vTaskPlaceOnUnorderedEventList           0x10009769   Thumb Code    40  tasks.o(.text)
    vTaskPlaceOnEventListRestricted          0x10009791   Thumb Code    36  tasks.o(.text)
    xTaskRemoveFromEventList                 0x100097b5   Thumb Code   108  tasks.o(.text)
    xTaskRemoveFromUnorderedEventList        0x10009821   Thumb Code    94  tasks.o(.text)
    vTaskSetTimeOutState                     0x1000987f   Thumb Code    14  tasks.o(.text)
    xTaskCheckForTimeOut                     0x1000988d   Thumb Code   162  tasks.o(.text)
    vTaskMissedYield                         0x1000992f   Thumb Code     8  tasks.o(.text)
    eTaskConfirmSleepModeStatus              0x10009937   Thumb Code    42  tasks.o(.text)
    xTaskGetCurrentTaskHandle                0x10009961   Thumb Code     6  tasks.o(.text)
    xTaskGetSchedulerState                   0x10009967   Thumb Code    24  tasks.o(.text)
    vTaskPriorityInherit                     0x1000997f   Thumb Code   164  tasks.o(.text)
    xTaskPriorityDisinherit                  0x10009a23   Thumb Code   122  tasks.o(.text)
    uxTaskResetEventItemValue                0x10009a9d   Thumb Code    24  tasks.o(.text)
    pvTaskIncrementMutexHeldCount            0x10009ab5   Thumb Code    26  tasks.o(.text)
    ulTaskNotifyTake                         0x10009acf   Thumb Code   108  tasks.o(.text)
    xTaskNotifyWait                          0x10009b3b   Thumb Code   150  tasks.o(.text)
    xTaskGenericNotify                       0x10009bd1   Thumb Code   182  tasks.o(.text)
    xTaskGenericNotifyFromISR                0x10009c87   Thumb Code   274  tasks.o(.text)
    vTaskNotifyGiveFromISR                   0x10009d99   Thumb Code   156  tasks.o(.text)
    xTaskNotifyStateClear                    0x10009e35   Thumb Code    48  tasks.o(.text)
    xTimerGenericCommand                     0x10009ecd   Thumb Code   104  timers.o(.text)
    xTimerCreateTimerTask                    0x1000a1d3   Thumb Code    42  timers.o(.text)
    xTimerCreate                             0x1000a22b   Thumb Code    48  timers.o(.text)
    xTimerGetTimerDaemonTaskHandle           0x1000a25b   Thumb Code     6  timers.o(.text)
    xTimerGetPeriod                          0x1000a261   Thumb Code     8  timers.o(.text)
    xTimerGetExpiryTime                      0x1000a269   Thumb Code     8  timers.o(.text)
    pcTimerGetName                           0x1000a271   Thumb Code     8  timers.o(.text)
    xTimerIsTimerActive                      0x1000a279   Thumb Code    86  timers.o(.text)
    pvTimerGetTimerID                        0x1000a2cf   Thumb Code    20  timers.o(.text)
    vTimerSetTimerID                         0x1000a2e3   Thumb Code    20  timers.o(.text)
    xTimerPendFunctionCallFromISR            0x1000a2f7   Thumb Code    48  timers.o(.text)
    xTimerPendFunctionCall                   0x1000a327   Thumb Code    48  timers.o(.text)
    pvPortMalloc                             0x1000a41f   Thumb Code   188  heap_4.o(.text)
    vPortFree                                0x1000a4db   Thumb Code    64  heap_4.o(.text)
    xPortGetFreeHeapSize                     0x1000a51b   Thumb Code     6  heap_4.o(.text)
    xPortGetMinimumEverFreeHeapSize          0x1000a521   Thumb Code     6  heap_4.o(.text)
    vPortInitialiseBlocks                    0x1000a527   Thumb Code     2  heap_4.o(.text)
    pxPortInitialiseStack                    0x1000a559   Thumb Code    30  port.o(.text)
    vPortSetupTimerInterrupt                 0x1000a577   Thumb Code    76  port.o(.text)
    xPortStartScheduler                      0x1000a5c3   Thumb Code    42  port.o(.text)
    vPortEndScheduler                        0x1000a5ed   Thumb Code     2  port.o(.text)
    vPortEnterCritical                       0x1000a5ef   Thumb Code    32  port.o(.text)
    vPortExitCritical                        0x1000a60f   Thumb Code    28  port.o(.text)
    xPortSysTickHandler                      0x1000a62b   Thumb Code    50  port.o(.text)
    vPortSuppressTicksAndSleep               0x1000a65d   Thumb Code   320  port.o(.text)
    platform_semphore_init                   0x1000a7b9   Thumb Code    20  platform_semphore.o(.text)
    platform_semphore_take                   0x1000a7cd   Thumb Code    18  platform_semphore.o(.text)
    platform_semphore_take_timeout           0x1000a7df   Thumb Code    20  platform_semphore.o(.text)
    platform_semphore_trytake                0x1000a7f3   Thumb Code    18  platform_semphore.o(.text)
    platform_semphore_give                   0x1000a805   Thumb Code    18  platform_semphore.o(.text)
    platform_semphore_give_from_isr          0x1000a817   Thumb Code    38  platform_semphore.o(.text)
    platform_semphore_destroy                0x1000a83d   Thumb Code    14  platform_semphore.o(.text)
    LedTask                                  0x1000a949   Thumb Code    44  led_task.o(.text)
    AES_Init                                 0x1000aabd   Thumb Code   254  aes.o(.text)
    _Aes_Run                                 0x1000abbb   Thumb Code   368  aes.o(.text)
    AES_Run                                  0x1000ad2b   Thumb Code   454  aes.o(.text)
    AesVersion                               0x1000aef1   Thumb Code    46  aes.o(.text)
    CopyBit32Align128                        0x1000af3d   Thumb Code    48  algbase.o(.text)
    CopyBit32Align128Add                     0x1000af6d   Thumb Code    58  algbase.o(.text)
    CopyBit32                                0x1000afa7   Thumb Code    18  algbase.o(.text)
    AssignmentBit32                          0x1000afb9   Thumb Code    16  algbase.o(.text)
    Equal_Is_Val_Bit32                       0x1000afc9   Thumb Code    40  algbase.o(.text)
    CompareBit32                             0x1000aff1   Thumb Code    52  algbase.o(.text)
    RShift                                   0x1000b025   Thumb Code    54  algbase.o(.text)
    Add1                                     0x1000b05b   Thumb Code    58  algbase.o(.text)
    Sub1                                     0x1000b095   Thumb Code    58  algbase.o(.text)
    TotalValidDword                          0x1000b0cf   Thumb Code    34  algbase.o(.text)
    RefreshSram                              0x1000b0f1   Thumb Code    12  algbase.o(.text)
    InitAlgSram                              0x1000b0fd   Thumb Code   200  algbase.o(.text)
    NN_Decode                                0x1000b1c5   Thumb Code    76  algbase.o(.text)
    NN_Encode                                0x1000b211   Thumb Code    70  algbase.o(.text)
    DES_Init                                 0x1000b2bf   Thumb Code   206  des.o(.text)
    _Des_Run                                 0x1000b38d   Thumb Code   108  des.o(.text)
    DES_Run_ECB                              0x1000b3f9   Thumb Code   260  des.o(.text)
    DES_Run_CBC                              0x1000b4fd   Thumb Code   258  des.o(.text)
    DES3_Run_ECB                             0x1000b5ff   Thumb Code   268  des.o(.text)
    DES3_Run_CBC                             0x1000b70b   Thumb Code   258  des.o(.text)
    DES_Run                                  0x1000b80d   Thumb Code   382  des.o(.text)
    DesVersion                               0x1000b98b   Thumb Code    46  des.o(.text)
    Trng_Init                                0x1000ba1b   Thumb Code    60  trng.o(.text)
    Trng_GenRandom                           0x1000ba57   Thumb Code   120  trng.o(.text)
    Trng_GenRandomBit32                      0x1000bacf   Thumb Code   128  trng.o(.text)
    Prng_GenRandom                           0x1000bb4f   Thumb Code    62  trng.o(.text)
    Trng_GenRandomBit32_Safety               0x1000bb8d   Thumb Code   304  trng.o(.text)
    Trng_GenRandomCheck                      0x1000bcbd   Thumb Code   422  trng.o(.text)
    TrngVersion                              0x1000be63   Thumb Code    46  trng.o(.text)
    InitCurveEcc                             0x1000beb5   Thumb Code    32  ecc.o(.text)
    ECDSA_GenKey                             0x1000bed5   Thumb Code   156  ecc.o(.text)
    ECDSA_Sign                               0x1000bf71   Thumb Code   524  ecc.o(.text)
    ECDSA_Verify                             0x1000c17d   Thumb Code   542  ecc.o(.text)
    ECDSA_PubKeyEncrypt                      0x1000c39b   Thumb Code   312  ecc.o(.text)
    ECDSA_PriKeyDecrypt                      0x1000c4d3   Thumb Code   286  ecc.o(.text)
    ECDSA_KeyExchange                        0x1000c5f1   Thumb Code   164  ecc.o(.text)
    EccVersion                               0x1000c695   Thumb Code    46  ecc.o(.text)
    RSA_GenKeyPairNoEncode                   0x1000c6e1   Thumb Code   944  rsa.o(.text)
    RSA_GenKeyPair                           0x1000ca91   Thumb Code   326  rsa.o(.text)
    RSA_PubKeyOpt                            0x1000cbd7   Thumb Code   386  rsa.o(.text)
    RSA_PriKeyOpt_NoCRT                      0x1000cd59   Thumb Code   426  rsa.o(.text)
    RSA_PriKeyOpt                            0x1000cf03   Thumb Code  1358  rsa.o(.text)
    RSA_PublicEncrypt                        0x1000d451   Thumb Code   174  rsa.o(.text)
    RSA_PublicDecrypt                        0x1000d4ff   Thumb Code   226  rsa.o(.text)
    RSA_PrivateEncrypt                       0x1000d5e1   Thumb Code   148  rsa.o(.text)
    RSA_PrivateDecrypt                       0x1000d675   Thumb Code   202  rsa.o(.text)
    RSA_Check                                0x1000d73f   Thumb Code   118  rsa.o(.text)
    RsaVersion                               0x1000d7b5   Thumb Code    46  rsa.o(.text)
    SMS4_Init                                0x1000d82f   Thumb Code   194  sm4.o(.text)
    _SMS4_Run                                0x1000d8f1   Thumb Code    78  sm4.o(.text)
    SMS4_Run_ECB                             0x1000d93f   Thumb Code    98  sm4.o(.text)
    SMS4_Run_CBC                             0x1000d9a1   Thumb Code   254  sm4.o(.text)
    SMS4_Run_CFB                             0x1000da9f   Thumb Code   362  sm4.o(.text)
    SMS4_Run_OFB                             0x1000dc09   Thumb Code   330  sm4.o(.text)
    SMS4_Run                                 0x1000dd53   Thumb Code   394  sm4.o(.text)
    Sm4Version                               0x1000dedd   Thumb Code    38  sm4.o(.text)
    AEA_Init                                 0x1000df21   Thumb Code    40  rsahard.o(.text)
    RSA_Start                                0x1000df49   Thumb Code    44  rsahard.o(.text)
    RSA_Add                                  0x1000df75   Thumb Code   188  rsahard.o(.text)
    RSA_Sub                                  0x1000e031   Thumb Code   162  rsahard.o(.text)
    RSA_Mult                                 0x1000e0d3   Thumb Code   150  rsahard.o(.text)
    RSA_Mod                                  0x1000e169   Thumb Code   180  rsahard.o(.text)
    RSA_ModMult                              0x1000e21d   Thumb Code   376  rsahard.o(.text)
    RSA_MonMult                              0x1000e395   Thumb Code   210  rsahard.o(.text)
    RSA_Gcd                                  0x1000e467   Thumb Code   472  rsahard.o(.text)
    RSA_ModInv                               0x1000e63f   Thumb Code  1056  rsahard.o(.text)
    RSA_ModExp                               0x1000ea5f   Thumb Code   414  rsahard.o(.text)
    RSA_ModExpSafety                         0x1000ebfd   Thumb Code   936  rsahard.o(.text)
    RSA_ModExpSign                           0x1000efa5   Thumb Code   244  rsahard.o(.text)
    RSA_CMP                                  0x1000f099   Thumb Code    70  rsahard.o(.text)
    Ep_Point_Zero                            0x1000f0e5   Thumb Code    30  hardecc.o(.text)
    Ep_Point_Zero_J                          0x1000f103   Thumb Code    42  hardecc.o(.text)
    Ep_Point_Copy                            0x1000f12d   Thumb Code    34  hardecc.o(.text)
    Ep_Point_Copy_J                          0x1000f14f   Thumb Code    48  hardecc.o(.text)
    Ep_Point_Is_Zero                         0x1000f17f   Thumb Code    40  hardecc.o(.text)
    Ep_Point_Is_Zero_J                       0x1000f1a7   Thumb Code    54  hardecc.o(.text)
    Ep_Point_Inv                             0x1000f1dd   Thumb Code    52  hardecc.o(.text)
    ECC_ModAdd                               0x1000f211   Thumb Code   110  hardecc.o(.text)
    ECC_ModSub                               0x1000f27f   Thumb Code   166  hardecc.o(.text)
    Ep_Is_On_Curve                           0x1000f325   Thumb Code   260  hardecc.o(.text)
    ECC_Point_Init                           0x1000f429   Thumb Code   250  hardecc.o(.text)
    ECC_Point_Double_J                       0x1000f523   Thumb Code   160  hardecc.o(.text)
    ECC_AfterProcess                         0x1000f5c3   Thumb Code  1510  hardecc.o(.text)
    Jacobian_to_Montgomery                   0x1000fba9   Thumb Code   170  hardecc.o(.text)
    Affine_to_Jacobian                       0x1000fc53   Thumb Code    54  hardecc.o(.text)
    ECC_PreProcess                           0x1000fc89   Thumb Code    64  hardecc.o(.text)
    EP_Point_Double                          0x1000fcc9   Thumb Code    72  hardecc.o(.text)
    ECC_Point_Add_J                          0x1000fd11   Thumb Code   246  hardecc.o(.text)
    EP_Point_Add                             0x1000fe07   Thumb Code   102  hardecc.o(.text)
    ECC_PointMult_J                          0x1000fe6d   Thumb Code   336  hardecc.o(.text)
    EP_PointMult                             0x1000ffbd   Thumb Code   124  hardecc.o(.text)
    ECC_PointMult_comb_J                     0x10010039   Thumb Code   346  hardecc.o(.text)
    EP_PointMult_Comb                        0x10010193   Thumb Code   102  hardecc.o(.text)
    Affine_to_Jacobian_Safety                0x100101f9   Thumb Code   200  hardecc.o(.text)
    Montgomery_to_Jacobian                   0x100102c1   Thumb Code   134  hardecc.o(.text)
    Jacobian_to_Affine                       0x10010347   Thumb Code   230  hardecc.o(.text)
    ECC_comb_PreMul                          0x1001042d   Thumb Code   610  hardecc.o(.text)
    GeneratePrime                            0x100107d9   Thumb Code   516  prime.o(.text)
    RSAFilter                                0x100109dd   Thumb Code    84  prime.o(.text)
    __aeabi_uldivmod                         0x10010a39   Thumb Code    98  uldiv.o(.text)
    __aeabi_memcpy                           0x10010a9b   Thumb Code    36  memcpya.o(.text)
    __aeabi_memcpy4                          0x10010a9b   Thumb Code     0  memcpya.o(.text)
    __aeabi_memcpy8                          0x10010a9b   Thumb Code     0  memcpya.o(.text)
    __aeabi_memset                           0x10010abf   Thumb Code    14  memseta.o(.text)
    __aeabi_memset4                          0x10010abf   Thumb Code     0  memseta.o(.text)
    __aeabi_memset8                          0x10010abf   Thumb Code     0  memseta.o(.text)
    __aeabi_memclr                           0x10010acd   Thumb Code     4  memseta.o(.text)
    __aeabi_memclr4                          0x10010acd   Thumb Code     0  memseta.o(.text)
    __aeabi_memclr8                          0x10010acd   Thumb Code     0  memseta.o(.text)
    _memset$wrapper                          0x10010ad1   Thumb Code    18  memseta.o(.text)
    strlen                                   0x10010ae3   Thumb Code    14  strlen.o(.text)
    memcmp                                   0x10010af1   Thumb Code    26  memcmp.o(.text)
    __aeabi_dadd                             0x10010b0b   Thumb Code   322  dadd.o(.text)
    __aeabi_dsub                             0x10010c4d   Thumb Code     6  dadd.o(.text)
    __aeabi_drsub                            0x10010c53   Thumb Code     6  dadd.o(.text)
    __aeabi_ddiv                             0x10010c59   Thumb Code   222  ddiv.o(.text)
    __aeabi_i2d                              0x10010d37   Thumb Code    34  dflti.o(.text)
    __aeabi_f2d                              0x10010d59   Thumb Code    38  f2d.o(.text)
    __aeabi_d2f                              0x10010d7f   Thumb Code    56  d2f.o(.text)
    __aeabi_cfrcmple                         0x10010db9   Thumb Code    20  cfrcmple.o(.text)
    __aeabi_llsl                             0x10010dcd   Thumb Code    30  llshl.o(.text)
    _ll_shift_l                              0x10010dcd   Thumb Code     0  llshl.o(.text)
    __aeabi_llsr                             0x10010deb   Thumb Code    32  llushr.o(.text)
    _ll_ushift_r                             0x10010deb   Thumb Code     0  llushr.o(.text)
    __aeabi_lasr                             0x10010e0b   Thumb Code    36  llsshr.o(.text)
    _ll_sshift_r                             0x10010e0b   Thumb Code     0  llsshr.o(.text)
    __I$use$fp                               0x10010e2f   Thumb Code     0  iusefp.o(.text)
    _float_round                             0x10010e2f   Thumb Code    18  fepilogue.o(.text)
    _float_epilogue                          0x10010e41   Thumb Code    92  fepilogue.o(.text)
    _double_round                            0x10010e9d   Thumb Code    30  depilogue.o(.text)
    _double_epilogue                         0x10010ebb   Thumb Code   156  depilogue.o(.text)
    __scatterload                            0x10010f59   Thumb Code    28  init.o(.text)
    __scatterload_rt2                        0x10010f59   Thumb Code     0  init.o(.text)
    __decompress                             0x10010f7d   Thumb Code     0  __dczerorl2.o(.text)
    __decompress1                            0x10010f7d   Thumb Code    86  __dczerorl2.o(.text)
    __0printf$5                              0x10010fd5   Thumb Code    22  printf5.o(i.__0printf$5)
    __1printf$5                              0x10010fd5   Thumb Code     0  printf5.o(i.__0printf$5)
    __2printf                                0x10010fd5   Thumb Code     0  printf5.o(i.__0printf$5)
    __scatterload_copy                       0x10010ff5   Thumb Code    14  handlers.o(i.__scatterload_copy)
    __scatterload_null                       0x10011003   Thumb Code     2  handlers.o(i.__scatterload_null)
    __scatterload_zeroinit                   0x10011005   Thumb Code    14  handlers.o(i.__scatterload_zeroinit)
    gDmaPerAddrList                          0x100112d4   Data          32  dma.o(.constdata)
    gsenseArray                              0x10011334   Data          42  bulkitem.o(.constdata)
    DeviceDescFS                             0x1001135e   Data          18  ctrlitem.o(.constdata)
    ConfigDescFs                             0x10011370   Data          32  ctrlitem.o(.constdata)
    Str0Desc                                 0x10011390   Data           4  ctrlitem.o(.constdata)
    Str1Desc                                 0x10011394   Data          24  ctrlitem.o(.constdata)
    Str2Desc                                 0x100113ac   Data          30  ctrlitem.o(.constdata)
    Str3Desc                                 0x100113ca   Data          22  ctrlitem.o(.constdata)
    StrDescLenGroup                          0x100113e0   Data           4  ctrlitem.o(.constdata)
    StandardDeviceRequest                    0x100113e4   Data          52  ctrlusb.o(.constdata)
    RsaStartCode                             0x10011418   Data          44  algbase.o(.constdata)
    C_CopyOrder                              0x10011444   Data           8  algbase.o(.constdata)
    ECDSA256                                 0x1001144c   Data         380  ecc.o(.constdata)
    ECDSA192                                 0x100115c8   Data         380  ecc.o(.constdata)
    Region$$Table$$Base                      0x10012020   Number         0  anon$$obj.o(Region$$Table)
    Region$$Table$$Limit                     0x10012040   Number         0  anon$$obj.o(Region$$Table)
    _delay_ms                                0x10012041   Thumb Code    22  scm.o(.align_code1)
    _delay_us                                0x10012061   Thumb Code    22  scm.o(.align_code2)
    __heap_base                              0x20014000   Data           0  startup_sy09.o(HEAP_BOTTOM)
    __heap_limit                             0x20014000   Data           0  startup_sy09.o(HEAP_TOP)
    SystemFrequency                          0x20018000   Data           4  system_sy09.o(.data)
    __initial_sp                             0x20018000   Data           0  startup_sy09.o(STACK_TOP)
    nKeyPermission                           0x20018004   Data          16  efc.o(.data)
    __stdout                                 0x20018014   Data           4  retarget.o(.data)
    __stdin                                  0x20018018   Data           4  retarget.o(.data)
    SerInit                                  0x2001801c   Data           1  serial.o(.data)
    Verify_flag                              0x20018070   Data           4  safecmd.o(.data)
    User_Count                               0x20018074   Data           1  safecmd.o(.data)
    CheekSum                                 0x20018076   Data           2  safecmd.o(.data)
    Cmd_Len                                  0x20018078   Data           1  safecmd.o(.data)
    SecurLevel                               0x2001807a   Data           2  safecmd.o(.data)
    RES_Timeout                              0x2001807c   Data           2  safecmd.o(.data)
    CountEnroll                              0x2001807e   Data           1  safecmd.o(.data)
    Press_Down                               0x2001807f   Data           1  safecmd.o(.data)
    AutoE_I                                  0x20018080   Data           1  safecmd.o(.data)
    Shake_One                                0x20018081   Data           1  safecmd.o(.data)
    Shake_Len                                0x20018082   Data           1  safecmd.o(.data)
    CheekErr                                 0x20018083   Data           1  safecmd.o(.data)
    CheekErr_flag                            0x20018084   Data           1  safecmd.o(.data)
    CountErr                                 0x20018085   Data           1  safecmd.o(.data)
    RSA_e                                    0x20018088   Data           4  operationkey.o(.data)
    Verify_T                                 0x2001808c   Data           1  operationkey.o(.data)
    Verify_I                                 0x2001808d   Data           1  operationkey.o(.data)
    Verify_S                                 0x2001808e   Data           2  operationkey.o(.data)
    gSensePtr                                0x20018090   Data           1  bulkitem.o(.data)
    gStartAutorun                            0x20018091   Data           1  bulkitem.o(.data)
    gCountAuto                               0x20018092   Data           1  bulkitem.o(.data)
    g_pDoMySCSICmd                           0x20018094   Data           4  bulkusb.o(.data)
    g_pWriteLBA                              0x20018098   Data           4  bulkusb.o(.data)
    g_pReadLBA                               0x2001809c   Data           4  bulkusb.o(.data)
    glDiskCap                                0x200180a0   Data           4  bulkusb.o(.data)
    gUsbMode                                 0x200180a4   Data           1  usbbase.o(.data)
    gSysClkPar                               0x200180a8   Data           1  usbprotocol.o(.data)
    gUSBFlag                                 0x200180a9   Data           1  usbprotocol.o(.data)
    gUSBSuspendMode                          0x200180aa   Data           1  usbprotocol.o(.data)
    gUSBSuspendFlag                          0x200180ab   Data           1  usbprotocol.o(.data)
    g_pDoMyUSBSleep                          0x200180ac   Data           4  usbprotocol.o(.data)
    gIntrOut                                 0x200180b0   Data           2  usbprotocol.o(.data)
    gIntrIn                                  0x200180b2   Data           2  usbprotocol.o(.data)
    pxCurrentTCB                             0x200180b8   Data           4  tasks.o(.data)
    AlgSramBuf                               0x200181ec   Data         256  main.o(.bss)
    gUartBuf                                 0x200182ec   Data         512  safecmd.o(.bss)
    Cmd_Send                                 0x200184ec   Data         100  safecmd.o(.bss)
    Cmd_Recv                                 0x20018550   Data         140  safecmd.o(.bss)
    Cmd_DataRecv                             0x200185dc   Data         600  safecmd.o(.bss)
    psInApp                                  0x20018834   Data          20  safecmd.o(.bss)
    Shake_Hands                              0x20018848   Data          64  safecmd.o(.bss)
    Security_Rand                            0x20018888   Data          16  safecmd.o(.bss)
    SM4_KEY_A                                0x20018898   Data          16  operationkey.o(.bss)
    SM4_KEY_B                                0x200188a8   Data          16  operationkey.o(.bss)
    SM4_Q                                    0x200188b8   Data          16  operationkey.o(.bss)
    SM4_M                                    0x200188c8   Data          16  operationkey.o(.bss)
    SM4_R                                    0x200188d8   Data          16  operationkey.o(.bss)
    SM4_X                                    0x200188e8   Data          16  operationkey.o(.bss)
    AES_KEY_A                                0x200188f8   Data          16  operationkey.o(.bss)
    AES_KEY_B                                0x20018908   Data          16  operationkey.o(.bss)
    AES_Q                                    0x20018918   Data          16  operationkey.o(.bss)
    AES_M                                    0x20018928   Data          16  operationkey.o(.bss)
    AES_R                                    0x20018938   Data          16  operationkey.o(.bss)
    AES_X                                    0x20018948   Data          16  operationkey.o(.bss)
    DES_KEY_A                                0x20018958   Data          16  operationkey.o(.bss)
    DES_KEY_B                                0x20018968   Data          16  operationkey.o(.bss)
    DES_Q                                    0x20018978   Data          16  operationkey.o(.bss)
    DES_M                                    0x20018988   Data          16  operationkey.o(.bss)
    DES_R                                    0x20018998   Data          16  operationkey.o(.bss)
    DES_X                                    0x200189a8   Data          16  operationkey.o(.bss)
    RSA_n                                    0x200189b8   Data         128  operationkey.o(.bss)
    RSA_Q                                    0x20018a38   Data         128  operationkey.o(.bss)
    RSA_M                                    0x20018ab8   Data         128  operationkey.o(.bss)
    RSA_X                                    0x20018b38   Data         128  operationkey.o(.bss)
    RSA_R                                    0x20018bb8   Data          16  operationkey.o(.bss)
    ECC_KEY                                  0x20018bc8   Data          32  operationkey.o(.bss)
    ECC_R                                    0x20018be8   Data          16  operationkey.o(.bss)
    ECC_M                                    0x20018bf8   Data         128  operationkey.o(.bss)
    ECC_Q                                    0x20018c78   Data         128  operationkey.o(.bss)
    ECC_X                                    0x20018cf8   Data         128  operationkey.o(.bss)
    gSetupStatus                             0x20018d78   Data          12  ctrlitem.o(.bss)
    xQueueRegistry                           0x2001918c   Data          80  queue.o(.bss)
    ScmRegs                                  0x40000000   Data         256  sy09_regs.o(.ARM.__AT_0x40000000)
    GpioRegs                                 0x40004000   Data         240  sy09_regs.o(.ARM.__AT_0x40004000)
    T0Regs                                   0x40008000   Data          12  sy09_regs.o(.ARM.__AT_0x40008000)
    Spi0Regs                                 0x40014000   Data          40  sy09_regs.o(.ARM.__AT_0x40014000)
    RngRegs                                  0x40018000   Data          44  sy09_regs.o(.ARM.__AT_0x40018000)
    T1Regs                                   0x40020000   Data          12  sy09_regs.o(.ARM.__AT_0x40020000)
    T2Regs                                   0x40024000   Data          12  sy09_regs.o(.ARM.__AT_0x40024000)
    SsiRegs                                  0x40028000   Data         256  sy09_regs.o(.ARM.__AT_0x40028000)
    Uart0Regs                                0x4002c000   Data          40  sy09_regs.o(.ARM.__AT_0x4002C000)
    I2C0Regs                                 0x40030000   Data          40  sy09_regs.o(.ARM.__AT_0x40030000)
    SwpsRegs                                 0x40034000   Data          44  sy09_regs.o(.ARM.__AT_0x40034000)
    Iso7816Regs                              0x4003c000   Data          68  sy09_regs.o(.ARM.__AT_0x4003C000)
    SciRegs                                  0x40040000   Data         136  sy09_regs.o(.ARM.__AT_0x40040000)
    VpwmRegs                                 0x40048000   Data          24  sy09_regs.o(.ARM.__AT_0x40048000)
    Uart1Regs                                0x4004c000   Data          40  sy09_regs.o(.ARM.__AT_0x4004C000)
    EfcRegs                                  0x40054000   Data          96  sy09_regs.o(.ARM.__AT_0x40054000)
    SqiRegs                                  0x40058000   Data          40  sy09_regs.o(.ARM.__AT_0x40058000)
    CrcRegs                                  0x4005c000   Data          16  sy09_regs.o(.ARM.__AT_0x4005C000)
    BvdRegs                                  0x40060000   Data           8  sy09_regs.o(.ARM.__AT_0x40060000)
    LocscRegs                                0x40068000   Data          36  sy09_regs.o(.ARM.__AT_0x40068000)
    Spi1Regs                                 0x4006c000   Data          40  sy09_regs.o(.ARM.__AT_0x4006C000)
    DmaRegs                                  0x40070000   Data        1016  sy09_regs.o(.ARM.__AT_0x40070000)
    UsbRegs                                  0x50010000   Data          52  sy09_regs.o(.ARM.__AT_0x50010000)



==============================================================================

Memory Map of the image

  Image Entry point : 0x1000020d

  Load Region LOAD_ROM (Base: 0x10000000, Size: 0x000121c0, Max: 0x00080000, ABSOLUTE, COMPRESSED[0x000120a4])

    Execution Region EXEC_ROM (Exec base: 0x10000000, Load base: 0x10000000, Size: 0x00012040, Max: 0x00080000, ABSOLUTE)

    Exec Addr    Load Addr    Size         Type   Attr      Idx    E Section Name        Object

    0x10000000   0x10000000   0x00000100   Data   RO          205    RESET               startup_sy09.o
    0x10000100   0x10000100   0x00000000   Code   RO         2034  * .ARM.Collect$$$$00000000  mc_w.l(entry.o)
    0x10000100   0x10000100   0x00000004   Code   RO         2322    .ARM.Collect$$$$00000001  mc_w.l(entry2.o)
    0x10000104   0x10000104   0x00000004   Code   RO         2325    .ARM.Collect$$$$00000004  mc_w.l(entry5.o)
    0x10000108   0x10000108   0x00000000   Code   RO         2327    .ARM.Collect$$$$00000008  mc_w.l(entry7b.o)
    0x10000108   0x10000108   0x00000000   Code   RO         2329    .ARM.Collect$$$$0000000A  mc_w.l(entry8b.o)
    0x10000108   0x10000108   0x00000008   Code   RO         2330    .ARM.Collect$$$$0000000B  mc_w.l(entry9a.o)
    0x10000110   0x10000110   0x00000000   Code   RO         2332    .ARM.Collect$$$$0000000D  mc_w.l(entry10a.o)
    0x10000110   0x10000110   0x00000000   Code   RO         2334    .ARM.Collect$$$$0000000F  mc_w.l(entry11a.o)
    0x10000110   0x10000110   0x00000004   Code   RO         2323    .ARM.Collect$$$$00002712  mc_w.l(entry2.o)
    0x10000114   0x10000114   0x00000096   Code   RO         1644    .emb_text           port.o
    0x100001aa   0x100001aa   0x00000002   PAD
    0x100001ac   0x100001ac   0x00000060   Code   RO           16    .text               system_sy09.o
    0x1000020c   0x1000020c   0x00000044   Code   RO          206  * .text               startup_sy09.o
    0x10000250   0x10000250   0x00000460   Code   RO          266    .text               dma.o
    0x100006b0   0x100006b0   0x00000590   Code   RO          302    .text               efc.o
    0x10000c40   0x10000c40   0x000002d4   Code   RO          340    .text               gpio.o
    0x10000f14   0x10000f14   0x00000944   Code   RO          364    .text               i2c.o
    0x10001858   0x10001858   0x0000003a   Code   RO          413    .text               retarget.o
    0x10001892   0x10001892   0x00000002   PAD
    0x10001894   0x10001894   0x000000cc   Code   RO          435    .text               serial.o
    0x10001960   0x10001960   0x00000518   Code   RO          494    .text               scm.o
    0x10001e78   0x10001e78   0x00000b10   Code   RO          535    .text               spi.o
    0x10002988   0x10002988   0x000003e8   Code   RO          600    .text               ssi.o
    0x10002d70   0x10002d70   0x00000414   Code   RO          631    .text               swps.o
    0x10003184   0x10003184   0x000001e8   Code   RO          695    .text               timer.o
    0x1000336c   0x1000336c   0x00000724   Code   RO          719    .text               uart.o
    0x10003a90   0x10003a90   0x000003a4   Code   RO          747    .text               vpwm.o
    0x10003e34   0x10003e34   0x00000470   Code   RO          826    .text               sflashbk.o
    0x100042a4   0x100042a4   0x000001f0   Code   RO          936    .text               main.o
    0x10004494   0x10004494   0x00001a64   Code   RO         1082    .text               safecmd.o
    0x10005ef8   0x10005ef8   0x00000790   Code   RO         1118    .text               operationkey.o
    0x10006688   0x10006688   0x000006a4   Code   RO         1150    .text               bulkitem.o
    0x10006d2c   0x10006d2c   0x00000160   Code   RO         1178    .text               bulkusb.o
    0x10006e8c   0x10006e8c   0x000004c8   Code   RO         1209    .text               ctrlitem.o
    0x10007354   0x10007354   0x00000064   Code   RO         1240    .text               ctrlusb.o
    0x100073b8   0x100073b8   0x00000b00   Code   RO         1267    .text               usbbase.o
    0x10007eb8   0x10007eb8   0x0000022c   Code   RO         1301    .text               usbprotocol.o
    0x100080e4   0x100080e4   0x000000a0   Code   RO         1328    .text               sy09_uart0.o
    0x10008184   0x10008184   0x00000058   Code   RO         1398    .text               ring_buffer.o
    0x100081dc   0x100081dc   0x00000094   Code   RO         1496    .text               list.o
    0x10008270   0x10008270   0x000009b8   Code   RO         1520    .text               queue.o
    0x10008c28   0x10008c28   0x00001254   Code   RO         1547    .text               tasks.o
    0x10009e7c   0x10009e7c   0x000004e0   Code   RO         1590    .text               timers.o
    0x1000a35c   0x1000a35c   0x000001e4   Code   RO         1617    .text               heap_4.o
    0x1000a540   0x1000a540   0x00000278   Code   RO         1645    .text               port.o
    0x1000a7b8   0x1000a7b8   0x0000009c   Code   RO         1731    .text               platform_semphore.o
    0x1000a854   0x1000a854   0x00000204   Code   RO         1756    .text               led_task.o
    0x1000aa58   0x1000aa58   0x000004e4   Code   RO         1783    .text               AES_LIB.lib(aes.o)
    0x1000af3c   0x1000af3c   0x00000350   Code   RO         1820    .text               AES_LIB.lib(algbase.o)
    0x1000b28c   0x1000b28c   0x00000748   Code   RO         1835    .text               DES_LIB.lib(des.o)
    0x1000b9d4   0x1000b9d4   0x000004e0   Code   RO         1862    .text               ECC_LIB.lib(trng.o)
    0x1000beb4   0x1000beb4   0x0000082c   Code   RO         1899    .text               ECC_LIB.lib(ecc.o)
    0x1000c6e0   0x1000c6e0   0x00001124   Code   RO         1926    .text               RSA_LIB.lib(rsa.o)
    0x1000d804   0x1000d804   0x0000071c   Code   RO         1960    .text               SM4_LIB.lib(sm4.o)
    0x1000df20   0x1000df20   0x000011c4   Code   RO         1987    .text               ECC_LIB.lib(rsahard.o)
    0x1000f0e4   0x1000f0e4   0x000015b4   Code   RO         2006    .text               ECC_LIB.lib(hardecc.o)
    0x10010698   0x10010698   0x000003a0   Code   RO         2020    .text               RSA_LIB.lib(prime.o)
    0x10010a38   0x10010a38   0x00000062   Code   RO         2037    .text               mc_w.l(uldiv.o)
    0x10010a9a   0x10010a9a   0x00000024   Code   RO         2039    .text               mc_w.l(memcpya.o)
    0x10010abe   0x10010abe   0x00000024   Code   RO         2041    .text               mc_w.l(memseta.o)
    0x10010ae2   0x10010ae2   0x0000000e   Code   RO         2043    .text               mc_w.l(strlen.o)
    0x10010af0   0x10010af0   0x0000001a   Code   RO         2045    .text               mc_w.l(memcmp.o)
    0x10010b0a   0x10010b0a   0x0000014e   Code   RO         2310    .text               mf_w.l(dadd.o)
    0x10010c58   0x10010c58   0x000000de   Code   RO         2312    .text               mf_w.l(ddiv.o)
    0x10010d36   0x10010d36   0x00000022   Code   RO         2314    .text               mf_w.l(dflti.o)
    0x10010d58   0x10010d58   0x00000026   Code   RO         2316    .text               mf_w.l(f2d.o)
    0x10010d7e   0x10010d7e   0x00000038   Code   RO         2318    .text               mf_w.l(d2f.o)
    0x10010db6   0x10010db6   0x00000002   PAD
    0x10010db8   0x10010db8   0x00000014   Code   RO         2320    .text               mf_w.l(cfrcmple.o)
    0x10010dcc   0x10010dcc   0x0000001e   Code   RO         2338    .text               mc_w.l(llshl.o)
    0x10010dea   0x10010dea   0x00000020   Code   RO         2340    .text               mc_w.l(llushr.o)
    0x10010e0a   0x10010e0a   0x00000024   Code   RO         2342    .text               mc_w.l(llsshr.o)
    0x10010e2e   0x10010e2e   0x00000000   Code   RO         2344    .text               mc_w.l(iusefp.o)
    0x10010e2e   0x10010e2e   0x0000006e   Code   RO         2345    .text               mf_w.l(fepilogue.o)
    0x10010e9c   0x10010e9c   0x000000ba   Code   RO         2347    .text               mf_w.l(depilogue.o)
    0x10010f56   0x10010f56   0x00000002   PAD
    0x10010f58   0x10010f58   0x00000024   Code   RO         2355    .text               mc_w.l(init.o)
    0x10010f7c   0x10010f7c   0x00000056   Code   RO         2365    .text               mc_w.l(__dczerorl2.o)
    0x10010fd2   0x10010fd2   0x00000002   PAD
    0x10010fd4   0x10010fd4   0x00000020   Code   RO         2182    i.__0printf$5       mc_w.l(printf5.o)
    0x10010ff4   0x10010ff4   0x0000000e   Code   RO         2359    i.__scatterload_copy  mc_w.l(handlers.o)
    0x10011002   0x10011002   0x00000002   Code   RO         2360    i.__scatterload_null  mc_w.l(handlers.o)
    0x10011004   0x10011004   0x0000000e   Code   RO         2361    i.__scatterload_zeroinit  mc_w.l(handlers.o)
    0x10011012   0x10011012   0x00000002   PAD
    0x10011014   0x10011014   0x000002c0   Code   RO         2189    i._printf_core      mc_w.l(printf5.o)
    0x100112d4   0x100112d4   0x00000020   Data   RO          268    .constdata          dma.o
    0x100112f4   0x100112f4   0x00000024   Data   RO          537    .constdata          spi.o
    0x10011318   0x10011318   0x00000010   Data   RO          601    .constdata          ssi.o
    0x10011328   0x10011328   0x00000002   Data   RO          721    .constdata          uart.o
    0x1001132a   0x1001132a   0x00000002   PAD
    0x1001132c   0x1001132c   0x00000008   Data   RO          748    .constdata          vpwm.o
    0x10011334   0x10011334   0x0000002a   Data   RO         1151    .constdata          bulkitem.o
    0x1001135e   0x1001135e   0x00000086   Data   RO         1211    .constdata          ctrlitem.o
    0x100113e4   0x100113e4   0x00000034   Data   RO         1241    .constdata          ctrlusb.o
    0x10011418   0x10011418   0x00000034   Data   RO         1821    .constdata          AES_LIB.lib(algbase.o)
    0x1001144c   0x1001144c   0x000002f8   Data   RO         1900    .constdata          ECC_LIB.lib(ecc.o)
    0x10011744   0x10011744   0x00000060   Data   RO         1927    .constdata          RSA_LIB.lib(rsa.o)
    0x100117a4   0x100117a4   0x00000040   Data   RO         1988    .constdata          ECC_LIB.lib(rsahard.o)
    0x100117e4   0x100117e4   0x0000077c   Data   RO         2007    .constdata          ECC_LIB.lib(hardecc.o)
    0x10011f60   0x10011f60   0x000000c0   Data   RO         2021    .constdata          RSA_LIB.lib(prime.o)
    0x10012020   0x10012020   0x00000020   Data   RO         2357    Region$$Table       anon$$obj.o


    Execution Region ER1 (Exec base: 0x10012040, Load base: 0x10012040, Size: 0x0000001c, Max: 0xffffffff, ABSOLUTE)

    Exec Addr    Load Addr    Size         Type   Attr      Idx    E Section Name        Object

    0x10012040   0x10012040   0x0000001c   Code   RO          492    .align_code1        scm.o


    Execution Region ER2 (Exec base: 0x10012060, Load base: 0x10012060, Size: 0x0000001c, Max: 0xffffffff, ABSOLUTE)

    Exec Addr    Load Addr    Size         Type   Attr      Idx    E Section Name        Object

    0x10012060   0x10012060   0x0000001c   Code   RO          493    .align_code2        scm.o


    Execution Region STACK (Exec base: 0x20014000, Load base: 0x100120a4, Size: 0x00004000, Max: 0x00004000, ABSOLUTE)

    Exec Addr    Load Addr    Size         Type   Attr      Idx    E Section Name        Object

    0x20014000        -       0x00004000   Zero   RW            1    STACK.bss           anon$$obj.o


    Execution Region HEAP_TOP (Exec base: 0x20014000, Load base: 0x100120a4, Size: 0x00000000, Max: 0x00000000, ABSOLUTE, UNINIT)

    Exec Addr    Load Addr    Size         Type   Attr      Idx    E Section Name        Object

    0x20014000        -       0x00000000   Zero   RW          204    HEAP_TOP            startup_sy09.o


    Execution Region HEAP (Exec base: 0x20014000, Load base: 0x100120a4, Size: 0x00000000, Max: 0x00000000, ABSOLUTE)

    Exec Addr    Load Addr    Size         Type   Attr      Idx    E Section Name        Object

    0x20014000        -       0x00000000   Zero   RW            2    HEAP.bss            anon$$obj.o


    Execution Region HEAP_BOTTOM (Exec base: 0x20014000, Load base: 0x100120a4, Size: 0x00000000, Max: 0x00000000, ABSOLUTE, UNINIT)

    Exec Addr    Load Addr    Size         Type   Attr      Idx    E Section Name        Object

    0x20014000        -       0x00000000   Zero   RW          203    HEAP_BOTTOM         startup_sy09.o


    Execution Region DATA (Exec base: 0x20018000, Load base: 0x1001207c, Size: 0x00004ce8, Max: 0x00008000, ABSOLUTE, COMPRESSED[0x00000028])

    Exec Addr    Load Addr    Size         Type   Attr      Idx    E Section Name        Object

    0x20018000   COMPRESSED   0x00000004   Data   RW           17    .data               system_sy09.o
    0x20018004   COMPRESSED   0x00000010   Data   RW          303    .data               efc.o
    0x20018014   COMPRESSED   0x00000008   Data   RW          414    .data               retarget.o
    0x2001801c   COMPRESSED   0x00000001   Data   RW          436    .data               serial.o
    0x2001801d   COMPRESSED   0x00000001   PAD
    0x2001801e   COMPRESSED   0x00000003   Data   RW          495    .data               scm.o
    0x20018021   COMPRESSED   0x00000003   PAD
    0x20018024   COMPRESSED   0x0000001d   Data   RW          538    .data               spi.o
    0x20018041   COMPRESSED   0x00000003   PAD
    0x20018044   COMPRESSED   0x00000013   Data   RW          602    .data               ssi.o
    0x20018057   COMPRESSED   0x00000003   Data   RW          633    .data               swps.o
    0x2001805a   COMPRESSED   0x00000002   PAD
    0x2001805c   COMPRESSED   0x0000000c   Data   RW          749    .data               vpwm.o
    0x20018068   COMPRESSED   0x00000008   Data   RW          827    .data               sflashbk.o
    0x20018070   COMPRESSED   0x00000018   Data   RW         1084    .data               safecmd.o
    0x20018088   COMPRESSED   0x00000008   Data   RW         1120    .data               operationkey.o
    0x20018090   COMPRESSED   0x00000003   Data   RW         1152    .data               bulkitem.o
    0x20018093   COMPRESSED   0x00000001   PAD
    0x20018094   COMPRESSED   0x00000010   Data   RW         1179    .data               bulkusb.o
    0x200180a4   COMPRESSED   0x00000001   Data   RW         1268    .data               usbbase.o
    0x200180a5   COMPRESSED   0x00000003   PAD
    0x200180a8   COMPRESSED   0x0000000c   Data   RW         1302    .data               usbprotocol.o
    0x200180b4   COMPRESSED   0x00000004   Data   RW         1330    .data               sy09_uart0.o
    0x200180b8   COMPRESSED   0x0000003c   Data   RW         1549    .data               tasks.o
    0x200180f4   COMPRESSED   0x00000014   Data   RW         1592    .data               timers.o
    0x20018108   COMPRESSED   0x00000018   Data   RW         1619    .data               heap_4.o
    0x20018120   COMPRESSED   0x00000010   Data   RW         1646    .data               port.o
    0x20018130   COMPRESSED   0x00000004   Data   RW         1732    .data               platform_semphore.o
    0x20018134   COMPRESSED   0x00000010   Data   RW         1757    .data               led_task.o
    0x20018144        -       0x00000010   Zero   RW          267    .bss                dma.o
    0x20018154        -       0x00000018   Zero   RW          365    .bss                i2c.o
    0x2001816c        -       0x00000030   Zero   RW          536    .bss                spi.o
    0x2001819c        -       0x00000020   Zero   RW          632    .bss                swps.o
    0x200181bc        -       0x00000030   Zero   RW          720    .bss                uart.o
    0x200181ec        -       0x00000100   Zero   RW          937    .bss                main.o
    0x200182ec        -       0x000005ac   Zero   RW         1083    .bss                safecmd.o
    0x20018898        -       0x000004e0   Zero   RW         1119    .bss                operationkey.o
    0x20018d78        -       0x0000000c   Zero   RW         1210    .bss                ctrlitem.o
    0x20018d84        -       0x00000408   Zero   RW         1329    .bss                sy09_uart0.o
    0x2001918c        -       0x00000050   Zero   RW         1521    .bss                queue.o
    0x200191dc        -       0x000002e4   Zero   RW         1548    .bss                tasks.o
    0x200194c0        -       0x00000028   Zero   RW         1591    .bss                timers.o
    0x200194e8        -       0x00003800   Zero   RW         1618    .bss                heap_4.o


    Execution Region STACK_TOP (Exec base: 0x20018000, Load base: 0x100120a4, Size: 0x00000000, Max: 0x00000000, ABSOLUTE, UNINIT)

    Exec Addr    Load Addr    Size         Type   Attr      Idx    E Section Name        Object

    0x20018000        -       0x00000000   Zero   RW          202    STACK_TOP           startup_sy09.o



  Load Region LR$$.ARM.__AT_0x40000000 (Base: 0x40000000, Size: 0x00000000, Max: 0x00000100, ABSOLUTE)

    Execution Region ER$$.ARM.__AT_0x40000000 (Exec base: 0x40000000, Load base: 0x40000000, Size: 0x00000100, Max: 0x00000100, ABSOLUTE, UNINIT)

    Exec Addr    Load Addr    Size         Type   Attr      Idx    E Section Name        Object

    0x40000000        -       0x00000100   Zero   RW          659    .ARM.__AT_0x40000000  sy09_regs.o



  Load Region LR$$.ARM.__AT_0x40004000 (Base: 0x40004000, Size: 0x00000000, Max: 0x000000f0, ABSOLUTE)

    Execution Region ER$$.ARM.__AT_0x40004000 (Exec base: 0x40004000, Load base: 0x40004000, Size: 0x000000f0, Max: 0x000000f0, ABSOLUTE, UNINIT)

    Exec Addr    Load Addr    Size         Type   Attr      Idx    E Section Name        Object

    0x40004000        -       0x000000f0   Zero   RW          660    .ARM.__AT_0x40004000  sy09_regs.o



  Load Region LR$$.ARM.__AT_0x40008000 (Base: 0x40008000, Size: 0x00000000, Max: 0x0000000c, ABSOLUTE)

    Execution Region ER$$.ARM.__AT_0x40008000 (Exec base: 0x40008000, Load base: 0x40008000, Size: 0x0000000c, Max: 0x0000000c, ABSOLUTE, UNINIT)

    Exec Addr    Load Addr    Size         Type   Attr      Idx    E Section Name        Object

    0x40008000        -       0x0000000c   Zero   RW          661    .ARM.__AT_0x40008000  sy09_regs.o



  Load Region LR$$.ARM.__AT_0x40014000 (Base: 0x40014000, Size: 0x00000000, Max: 0x00000028, ABSOLUTE)

    Execution Region ER$$.ARM.__AT_0x40014000 (Exec base: 0x40014000, Load base: 0x40014000, Size: 0x00000028, Max: 0x00000028, ABSOLUTE, UNINIT)

    Exec Addr    Load Addr    Size         Type   Attr      Idx    E Section Name        Object

    0x40014000        -       0x00000028   Zero   RW          662    .ARM.__AT_0x40014000  sy09_regs.o



  Load Region LR$$.ARM.__AT_0x40018000 (Base: 0x40018000, Size: 0x00000000, Max: 0x0000002c, ABSOLUTE)

    Execution Region ER$$.ARM.__AT_0x40018000 (Exec base: 0x40018000, Load base: 0x40018000, Size: 0x0000002c, Max: 0x0000002c, ABSOLUTE, UNINIT)

    Exec Addr    Load Addr    Size         Type   Attr      Idx    E Section Name        Object

    0x40018000        -       0x0000002c   Zero   RW          663    .ARM.__AT_0x40018000  sy09_regs.o



  Load Region LR$$.ARM.__AT_0x40020000 (Base: 0x40020000, Size: 0x00000000, Max: 0x0000000c, ABSOLUTE)

    Execution Region ER$$.ARM.__AT_0x40020000 (Exec base: 0x40020000, Load base: 0x40020000, Size: 0x0000000c, Max: 0x0000000c, ABSOLUTE, UNINIT)

    Exec Addr    Load Addr    Size         Type   Attr      Idx    E Section Name        Object

    0x40020000        -       0x0000000c   Zero   RW          664    .ARM.__AT_0x40020000  sy09_regs.o



  Load Region LR$$.ARM.__AT_0x40024000 (Base: 0x40024000, Size: 0x00000000, Max: 0x0000000c, ABSOLUTE)

    Execution Region ER$$.ARM.__AT_0x40024000 (Exec base: 0x40024000, Load base: 0x40024000, Size: 0x0000000c, Max: 0x0000000c, ABSOLUTE, UNINIT)

    Exec Addr    Load Addr    Size         Type   Attr      Idx    E Section Name        Object

    0x40024000        -       0x0000000c   Zero   RW          665    .ARM.__AT_0x40024000  sy09_regs.o



  Load Region LR$$.ARM.__AT_0x40028000 (Base: 0x40028000, Size: 0x00000000, Max: 0x00000100, ABSOLUTE)

    Execution Region ER$$.ARM.__AT_0x40028000 (Exec base: 0x40028000, Load base: 0x40028000, Size: 0x00000100, Max: 0x00000100, ABSOLUTE, UNINIT)

    Exec Addr    Load Addr    Size         Type   Attr      Idx    E Section Name        Object

    0x40028000        -       0x00000100   Zero   RW          666    .ARM.__AT_0x40028000  sy09_regs.o



  Load Region LR$$.ARM.__AT_0x4002C000 (Base: 0x4002c000, Size: 0x00000000, Max: 0x00000028, ABSOLUTE)

    Execution Region ER$$.ARM.__AT_0x4002C000 (Exec base: 0x4002c000, Load base: 0x4002c000, Size: 0x00000028, Max: 0x00000028, ABSOLUTE, UNINIT)

    Exec Addr    Load Addr    Size         Type   Attr      Idx    E Section Name        Object

    0x4002c000        -       0x00000028   Zero   RW          667    .ARM.__AT_0x4002C000  sy09_regs.o



  Load Region LR$$.ARM.__AT_0x40030000 (Base: 0x40030000, Size: 0x00000000, Max: 0x00000028, ABSOLUTE)

    Execution Region ER$$.ARM.__AT_0x40030000 (Exec base: 0x40030000, Load base: 0x40030000, Size: 0x00000028, Max: 0x00000028, ABSOLUTE, UNINIT)

    Exec Addr    Load Addr    Size         Type   Attr      Idx    E Section Name        Object

    0x40030000        -       0x00000028   Zero   RW          668    .ARM.__AT_0x40030000  sy09_regs.o



  Load Region LR$$.ARM.__AT_0x40034000 (Base: 0x40034000, Size: 0x00000000, Max: 0x0000002c, ABSOLUTE)

    Execution Region ER$$.ARM.__AT_0x40034000 (Exec base: 0x40034000, Load base: 0x40034000, Size: 0x0000002c, Max: 0x0000002c, ABSOLUTE, UNINIT)

    Exec Addr    Load Addr    Size         Type   Attr      Idx    E Section Name        Object

    0x40034000        -       0x0000002c   Zero   RW          669    .ARM.__AT_0x40034000  sy09_regs.o



  Load Region LR$$.ARM.__AT_0x4003C000 (Base: 0x4003c000, Size: 0x00000000, Max: 0x00000044, ABSOLUTE)

    Execution Region ER$$.ARM.__AT_0x4003C000 (Exec base: 0x4003c000, Load base: 0x4003c000, Size: 0x00000044, Max: 0x00000044, ABSOLUTE, UNINIT)

    Exec Addr    Load Addr    Size         Type   Attr      Idx    E Section Name        Object

    0x4003c000        -       0x00000044   Zero   RW          670    .ARM.__AT_0x4003C000  sy09_regs.o



  Load Region LR$$.ARM.__AT_0x40040000 (Base: 0x40040000, Size: 0x00000000, Max: 0x00000088, ABSOLUTE)

    Execution Region ER$$.ARM.__AT_0x40040000 (Exec base: 0x40040000, Load base: 0x40040000, Size: 0x00000088, Max: 0x00000088, ABSOLUTE, UNINIT)

    Exec Addr    Load Addr    Size         Type   Attr      Idx    E Section Name        Object

    0x40040000        -       0x00000088   Zero   RW          671    .ARM.__AT_0x40040000  sy09_regs.o



  Load Region LR$$.ARM.__AT_0x40048000 (Base: 0x40048000, Size: 0x00000000, Max: 0x00000018, ABSOLUTE)

    Execution Region ER$$.ARM.__AT_0x40048000 (Exec base: 0x40048000, Load base: 0x40048000, Size: 0x00000018, Max: 0x00000018, ABSOLUTE, UNINIT)

    Exec Addr    Load Addr    Size         Type   Attr      Idx    E Section Name        Object

    0x40048000        -       0x00000018   Zero   RW          672    .ARM.__AT_0x40048000  sy09_regs.o



  Load Region LR$$.ARM.__AT_0x4004C000 (Base: 0x4004c000, Size: 0x00000000, Max: 0x00000028, ABSOLUTE)

    Execution Region ER$$.ARM.__AT_0x4004C000 (Exec base: 0x4004c000, Load base: 0x4004c000, Size: 0x00000028, Max: 0x00000028, ABSOLUTE, UNINIT)

    Exec Addr    Load Addr    Size         Type   Attr      Idx    E Section Name        Object

    0x4004c000        -       0x00000028   Zero   RW          673    .ARM.__AT_0x4004C000  sy09_regs.o



  Load Region LR$$.ARM.__AT_0x40054000 (Base: 0x40054000, Size: 0x00000000, Max: 0x00000060, ABSOLUTE)

    Execution Region ER$$.ARM.__AT_0x40054000 (Exec base: 0x40054000, Load base: 0x40054000, Size: 0x00000060, Max: 0x00000060, ABSOLUTE, UNINIT)

    Exec Addr    Load Addr    Size         Type   Attr      Idx    E Section Name        Object

    0x40054000        -       0x00000060   Zero   RW          674    .ARM.__AT_0x40054000  sy09_regs.o



  Load Region LR$$.ARM.__AT_0x40058000 (Base: 0x40058000, Size: 0x00000000, Max: 0x00000028, ABSOLUTE)

    Execution Region ER$$.ARM.__AT_0x40058000 (Exec base: 0x40058000, Load base: 0x40058000, Size: 0x00000028, Max: 0x00000028, ABSOLUTE, UNINIT)

    Exec Addr    Load Addr    Size         Type   Attr      Idx    E Section Name        Object

    0x40058000        -       0x00000028   Zero   RW          675    .ARM.__AT_0x40058000  sy09_regs.o



  Load Region LR$$.ARM.__AT_0x4005C000 (Base: 0x4005c000, Size: 0x00000000, Max: 0x00000010, ABSOLUTE)

    Execution Region ER$$.ARM.__AT_0x4005C000 (Exec base: 0x4005c000, Load base: 0x4005c000, Size: 0x00000010, Max: 0x00000010, ABSOLUTE, UNINIT)

    Exec Addr    Load Addr    Size         Type   Attr      Idx    E Section Name        Object

    0x4005c000        -       0x00000010   Zero   RW          676    .ARM.__AT_0x4005C000  sy09_regs.o



  Load Region LR$$.ARM.__AT_0x40060000 (Base: 0x40060000, Size: 0x00000000, Max: 0x00000008, ABSOLUTE)

    Execution Region ER$$.ARM.__AT_0x40060000 (Exec base: 0x40060000, Load base: 0x40060000, Size: 0x00000008, Max: 0x00000008, ABSOLUTE, UNINIT)

    Exec Addr    Load Addr    Size         Type   Attr      Idx    E Section Name        Object

    0x40060000        -       0x00000008   Zero   RW          677    .ARM.__AT_0x40060000  sy09_regs.o



  Load Region LR$$.ARM.__AT_0x40068000 (Base: 0x40068000, Size: 0x00000000, Max: 0x00000024, ABSOLUTE)

    Execution Region ER$$.ARM.__AT_0x40068000 (Exec base: 0x40068000, Load base: 0x40068000, Size: 0x00000024, Max: 0x00000024, ABSOLUTE, UNINIT)

    Exec Addr    Load Addr    Size         Type   Attr      Idx    E Section Name        Object

    0x40068000        -       0x00000024   Zero   RW          678    .ARM.__AT_0x40068000  sy09_regs.o



  Load Region LR$$.ARM.__AT_0x4006C000 (Base: 0x4006c000, Size: 0x00000000, Max: 0x00000028, ABSOLUTE)

    Execution Region ER$$.ARM.__AT_0x4006C000 (Exec base: 0x4006c000, Load base: 0x4006c000, Size: 0x00000028, Max: 0x00000028, ABSOLUTE, UNINIT)

    Exec Addr    Load Addr    Size         Type   Attr      Idx    E Section Name        Object

    0x4006c000        -       0x00000028   Zero   RW          679    .ARM.__AT_0x4006C000  sy09_regs.o



  Load Region LR$$.ARM.__AT_0x40070000 (Base: 0x40070000, Size: 0x00000000, Max: 0x000003f8, ABSOLUTE)

    Execution Region ER$$.ARM.__AT_0x40070000 (Exec base: 0x40070000, Load base: 0x40070000, Size: 0x000003f8, Max: 0x000003f8, ABSOLUTE, UNINIT)

    Exec Addr    Load Addr    Size         Type   Attr      Idx    E Section Name        Object

    0x40070000        -       0x000003f8   Zero   RW          680    .ARM.__AT_0x40070000  sy09_regs.o



  Load Region LR$$.ARM.__AT_0x50010000 (Base: 0x50010000, Size: 0x00000000, Max: 0x00000034, ABSOLUTE)

    Execution Region ER$$.ARM.__AT_0x50010000 (Exec base: 0x50010000, Load base: 0x50010000, Size: 0x00000034, Max: 0x00000034, ABSOLUTE, UNINIT)

    Exec Addr    Load Addr    Size         Type   Attr      Idx    E Section Name        Object

    0x50010000        -       0x00000034   Zero   RW          681    .ARM.__AT_0x50010000  sy09_regs.o


==============================================================================

Image component sizes


      Code (inc. data)   RO Data    RW Data    ZI Data      Debug   Object Name

      1700        216         42          3          0       7128   bulkitem.o
       352         28          0         16          0       3230   bulkusb.o
         0          0          0          0          0       2684   bvd.o
         0          0          0          0          0       4500   core_cm3.o
         0          0          0          0          0       2688   crc.o
         0          0          0          0          0       5452   croutine.o
      1224         44        134          0         12       5252   ctrlitem.o
       100          8         52          0          0       1334   ctrlusb.o
      1120         18         32          0         16      29244   dma.o
      1424         40          0         16          0      10845   efc.o
         0          0          0          0          0      11752   event_groups.o
       724          6          0          0          0       6866   gpio.o
       484         24          0         24      14336       3396   heap_4.o
      2372         34          0          0         24       7390   i2c.o
       516        228          0         16          0       1338   led_task.o
       148          0          0          0          0       2010   list.o
       496         86          0          0        256      72916   main.o
      1936        248          0          8       1248       6364   operationkey.o
         0          0          0          0          0       2696   otp.o
       156         10          0          4          0       2398   platform_semphore.o
       782         40          0         16          0       7911   port.o
      2488         16          0          0         80      15647   queue.o
        58          0          0          8          0       3192   retarget.o
        88          0          0          0          0       1950   ring_buffer.o
      6756       1458          0         24       1452      40323   safecmd.o
      1360        222          0          3          0      28801   scm.o
       204         20          0          1          0       1310   serial.o
      1136         38          0          8          0       5876   sflashbk.o
      2832         92         36         29         48      34394   spi.o
      1000         48         16         19          0      28331   ssi.o
        68         20        256          0          0        844   startup_sy09.o
      1044         36          0          3         32       5928   swps.o
         0          0          0          0       2568      37895   sy09_regs.o
       160         10          0          4       1032       9741   sy09_uart0.o
        96         16          0          4          0      48359   system_sy09.o
      4692        304          0         60        740      29695   tasks.o
       488         30          0          0          0       2947   timer.o
      1248         70          0         20         40       8968   timers.o
      1828         50          2          0         48       4805   uart.o
      2816         88          0          1          0      10450   usbbase.o
       556         46          0         12          0       2295   usbprotocol.o
       932         32          8         12          0       4177   vpwm.o

    ----------------------------------------------------------------------
     43388       3626        612        324      38316     523322   Object Totals
         0          0         32          0      16384          0   (incl. Generated)
         4          0          2         13          0          0   (incl. Padding)

    ----------------------------------------------------------------------

      Code (inc. data)   RO Data    RW Data    ZI Data      Debug   Library Member Name

      1252         46          0          0          0       3947   aes.o
       848         54         52          0          0       5171   algbase.o
      1864         36          0          0          0       6169   des.o
      2092         40        760          0          0       8945   ecc.o
      5556         44       1916          0          0      16393   hardecc.o
      4548         42         64          0          0      11516   rsahard.o
      1248         52          0          0          0       5357   trng.o
       928          8        192          0          0       3406   prime.o
      4388         34         96          0          0      11007   rsa.o
      1820         40          0          0          0       6270   sm4.o
        86          0          0          0          0          0   __dczerorl2.o
         0          0          0          0          0          0   entry.o
         0          0          0          0          0          0   entry10a.o
         0          0          0          0          0          0   entry11a.o
         8          4          0          0          0          0   entry2.o
         4          0          0          0          0          0   entry5.o
         0          0          0          0          0          0   entry7b.o
         0          0          0          0          0          0   entry8b.o
         8          4          0          0          0          0   entry9a.o
        30          0          0          0          0          0   handlers.o
        36          8          0          0          0         68   init.o
         0          0          0          0          0          0   iusefp.o
        30          0          0          0          0         68   llshl.o
        36          0          0          0          0         68   llsshr.o
        32          0          0          0          0         68   llushr.o
        26          0          0          0          0         80   memcmp.o
        36          0          0          0          0         68   memcpya.o
        36          0          0          0          0        108   memseta.o
       736         56          0          0          0        184   printf5.o
        14          0          0          0          0         68   strlen.o
        98          0          0          0          0         92   uldiv.o
        20          0          0          0          0         68   cfrcmple.o
        56          0          0          0          0         88   d2f.o
       334          0          0          0          0        148   dadd.o
       222          0          0          0          0        100   ddiv.o
       186          0          0          0          0        176   depilogue.o
        34          0          0          0          0         76   dflti.o
        38          0          0          0          0         68   f2d.o
       110          0          0          0          0        168   fepilogue.o

    ----------------------------------------------------------------------
     26768        468       3080          0          0      79945   Library Totals
         8          0          0          0          0          0   (incl. Padding)

    ----------------------------------------------------------------------

      Code (inc. data)   RO Data    RW Data    ZI Data      Debug   Library Name

      2100        100         52          0          0       9118   AES_LIB.lib
      1864         36          0          0          0       6169   DES_LIB.lib
     13444        178       2740          0          0      42211   ECC_LIB.lib
      5316         42        288          0          0      14413   RSA_LIB.lib
      1820         40          0          0          0       6270   SM4_LIB.lib
      1216         72          0          0          0        872   mc_w.l
      1000          0          0          0          0        892   mf_w.l

    ----------------------------------------------------------------------
     26768        468       3080          0          0      79945   Library Totals

    ----------------------------------------------------------------------

==============================================================================


      Code (inc. data)   RO Data    RW Data    ZI Data      Debug   

     70156       4094       3692        324      38316     598403   Grand Totals
     70156       4094       3692         40      38316     598403   ELF Image Totals (compressed)
     70156       4094       3692         40          0          0   ROM Totals

==============================================================================

    Total RO  Size (Code + RO Data)                73848 (  72.12kB)
    Total RW  Size (RW Data + ZI Data)             38640 (  37.73kB)
    Total ROM Size (Code + RO Data + RW Data)      73888 (  72.16kB)

==============================================================================

