<html>
<body>
<pre>
<h1>µVision Build Log</h1>
<h2>Tool Versions:</h2>
IDE-Version: ¦ÌVision V5.29.0.0
Copyright (C) 2019 ARM Ltd and ARM Germany GmbH. All rights reserved.
License Information: aaaa aaaaa, aa, LIC=P6F5U-S6Z6N-LVQ1I-TLRJV-XURXX-YI4U2
 
Tool Versions:
Toolchain:       MDK-ARM Professional  Version: 5.29.0.0
Toolchain Path:  D:\MDK529\ARM\ARMCC\Bin
C Compiler:      Armcc.exe V5.06 update 6 (build 750)
Assembler:       Armasm.exe V5.06 update 6 (build 750)
Linker/Locator:  ArmLink.exe V5.06 update 6 (build 750)
Library Manager: ArmAr.exe V5.06 update 6 (build 750)
Hex Converter:   FromElf.exe V5.06 update 6 (build 750)
CPU DLL:         SARMCM3.DLL V5.29.0.0
Dialog DLL:      DCM.DLL V1.17.3.0
Target DLL:      Segger\JL2CM3.dll V2.99.36.0
Dialog DLL:      TCM.DLL V1.36.5.0
 
<h2>Project:</h2>
E:\freeRtos\Uart-rtos\UART0\project\AS578_safe_UART0_new\KEIL\AS578_InfoSec_Alg_Example.uvprojx
Project File Date:  05/19/2023

<h2>Output:</h2>
*** Using Compiler 'V5.06 update 6 (build 750)', folder: 'D:\MDK529\ARM\ARMCC\Bin'
Build target 'AS578_InfoSec_Alg_Example'
compiling sy_uart_hal.c...
compiling sy_command.c...
..\Source\sy\sy_command.c(50): warning:  #1-D: last line of file ends without a newline
  }
..\Source\sy\sy_command.c(50): warning:  #940-D: missing return statement at end of non-void function "SYSendCmd" 
  }
..\Source\sy\sy_command.c(10): warning:  #177-D: variable "g_sy_resp"  was declared but never referenced
  static char g_sy_resp[SY_RESP_LEN];
..\Source\sy\sy_command.c: 3 warnings, 0 errors
linking...
..\..\..\Libraries\LCF\KEIL\SY09_FwLib.sct(66): warning: L6329W: Pattern *(.ram_code) only matches removed unused sections.
Program Size: Code=70156 RO-data=3692 RW-data=324 ZI-data=38316  
Finished: 0 information, 1 warning and 0 error messages.
".\Obj\AS578_InfoSec_Alg_Example.axf" - 0 Error(s), 4 Warning(s).

<h2>Software Packages used:</h2>

Package Vendor: ARM
                http://www.keil.com/pack/ARM.CMSIS.5.9.0.pack
                ARM.CMSIS.5.9.0
                CMSIS (Common Microcontroller Software Interface Standard)
   * Component: CORE Version: 5.6.0

<h2>Collection of Component include folders:</h2>
  .\RTE\_AS578_InfoSec_Alg_Example
  D:\MDK529Pack\ARM\CMSIS\5.9.0\CMSIS\Core\Include
  D:\MDK529Pack\ARM\CMSIS\5.9.0\Device\ARM\ARMCM3\Include

<h2>Collection of Component Files used:</h2>

   * Component: ARM::CMSIS:CORE:5.6.0
Build Time Elapsed:  00:00:03
</pre>
</body>
</html>
